Archive member included to satisfy reference by file (symbol)

/Users/adityakannan/Library/Application Support/Code/User/globalStorage/vexrobotics.vexcode/sdk/cpp/V5/V5_20220726_10_00_00/vexv5/libv5rt.a(v5_startup.c.obj)
                              (vexStartup)
/Users/adityakannan/Library/Application Support/Code/User/globalStorage/vexrobotics.vexcode/sdk/cpp/V5/V5_20220726_10_00_00/vexv5/libv5rt.a(v5_util.c.obj)
                              /Users/adityakannan/Library/Application Support/Code/User/globalStorage/vexrobotics.vexcode/sdk/cpp/V5/V5_20220726_10_00_00/vexv5/libv5rt.a(v5_startup.c.obj) (vexStdlibVersionLinked)
/Users/adityakannan/Library/Application Support/Code/User/globalStorage/vexrobotics.vexcode/sdk/cpp/V5/V5_20220726_10_00_00/vexv5/libv5rt.a(v5_apijump.c.obj)
                              /Users/adityakannan/Library/Application Support/Code/User/globalStorage/vexrobotics.vexcode/sdk/cpp/V5/V5_20220726_10_00_00/vexv5/libv5rt.a(v5_startup.c.obj) (vexPrivateApiEnable)
/Users/adityakannan/Library/Application Support/Code/User/globalStorage/vexrobotics.vexcode/sdk/cpp/V5/V5_20220726_10_00_00/vexv5/libv5rt.a(v5_apiversions.c.obj)
                              /Users/adityakannan/Library/Application Support/Code/User/globalStorage/vexrobotics.vexcode/sdk/cpp/V5/V5_20220726_10_00_00/vexv5/libv5rt.a(v5_apijump.c.obj) (vexSystemVersion)
/Users/adityakannan/Library/Application Support/Code/User/globalStorage/vexrobotics.vexcode/sdk/cpp/V5/V5_20220726_10_00_00/vexv5/libv5rt.a(vex_global.cpp.obj)
                              build/src/autons.o (vex::wait(double, vex::timeUnits))
/Users/adityakannan/Library/Application Support/Code/User/globalStorage/vexrobotics.vexcode/sdk/cpp/V5/V5_20220726_10_00_00/vexv5/libv5rt.a(vex_motor.cpp.obj)
                              build/src/main.o (vex::motor::~motor())
/Users/adityakannan/Library/Application Support/Code/User/globalStorage/vexrobotics.vexcode/sdk/cpp/V5/V5_20220726_10_00_00/vexv5/libv5rt.a(vex_imu.cpp.obj)
                              build/src/code/drive.o (vex::inertial::setRotation(double, vex::rotationUnits))
/Users/adityakannan/Library/Application Support/Code/User/globalStorage/vexrobotics.vexcode/sdk/cpp/V5/V5_20220726_10_00_00/vexv5/libv5rt.a(vex_rotation.cpp.obj)
                              build/src/main.o (vex::rotation::~rotation())
/Users/adityakannan/Library/Application Support/Code/User/globalStorage/vexrobotics.vexcode/sdk/cpp/V5/V5_20220726_10_00_00/vexv5/libv5rt.a(vex_distance.cpp.obj)
                              build/src/robot-config.o (vex::distance::~distance())
/Users/adityakannan/Library/Application Support/Code/User/globalStorage/vexrobotics.vexcode/sdk/cpp/V5/V5_20220726_10_00_00/vexv5/libv5rt.a(vex_controller.cpp.obj)
                              build/src/robot-config.o (vex::controller::~controller())
/Users/adityakannan/Library/Application Support/Code/User/globalStorage/vexrobotics.vexcode/sdk/cpp/V5/V5_20220726_10_00_00/vexv5/libv5rt.a(vex_task.cpp.obj)
                              build/src/code/drive.o (vex::task::task())
/Users/adityakannan/Library/Application Support/Code/User/globalStorage/vexrobotics.vexcode/sdk/cpp/V5/V5_20220726_10_00_00/vexv5/libv5rt.a(vex_thread.cpp.obj)
                              build/src/autons.o (vex::thread::thread(int (*)()))
/Users/adityakannan/Library/Application Support/Code/User/globalStorage/vexrobotics.vexcode/sdk/cpp/V5/V5_20220726_10_00_00/vexv5/libv5rt.a(vex_event.cpp.obj)
                              /Users/adityakannan/Library/Application Support/Code/User/globalStorage/vexrobotics.vexcode/sdk/cpp/V5/V5_20220726_10_00_00/vexv5/libv5rt.a(vex_imu.cpp.obj) (vex::event::init(unsigned long, unsigned long, void (*)()))
/Users/adityakannan/Library/Application Support/Code/User/globalStorage/vexrobotics.vexcode/sdk/cpp/V5/V5_20220726_10_00_00/vexv5/libv5rt.a(vex_mevent.cpp.obj)
                              /Users/adityakannan/Library/Application Support/Code/User/globalStorage/vexrobotics.vexcode/sdk/cpp/V5/V5_20220726_10_00_00/vexv5/libv5rt.a(vex_controller.cpp.obj) (vex::mevent::mevent(unsigned long, unsigned long))
/Users/adityakannan/Library/Application Support/Code/User/globalStorage/vexrobotics.vexcode/sdk/cpp/V5/V5_20220726_10_00_00/vexv5/libv5rt.a(vex_brain.cpp.obj)
                              build/src/robot-config.o (vex::brain::brain())
/Users/adityakannan/Library/Application Support/Code/User/globalStorage/vexrobotics.vexcode/sdk/cpp/V5/V5_20220726_10_00_00/vexv5/libv5rt.a(vex_competition.cpp.obj)
                              build/src/main.o (vex::competition::competition())
/Users/adityakannan/Library/Application Support/Code/User/globalStorage/vexrobotics.vexcode/sdk/cpp/V5/V5_20220726_10_00_00/vexv5/libv5rt.a(vex_triport.cpp.obj)
                              build/src/main.o (vex::triport::~triport())
[...]
Memory Configuration

Name             Origin             Length             Attributes
ps7_ddr_0_S_AXI_BASEADDR 0x0000000003800000 0x0000000004800000
*default*        0x0000000000000000 0xffffffffffffffff

Linker script and memory map

                0x0000000000002000                _STACK_SIZE = DEFINED (_STACK_SIZE)?_STACK_SIZE:0x2000
                0x0000000000100000                _HEAP_SIZE = DEFINED (_HEAP_SIZE)?_HEAP_SIZE:0x100000
                0x0000000000000400                _ABORT_STACK_SIZE = DEFINED (_ABORT_STACK_SIZE)?_ABORT_STACK_SIZE:0x400
                0x0000000000000800                _SUPERVISOR_STACK_SIZE = DEFINED (_SUPERVISOR_STACK_SIZE)?_SUPERVISOR_STACK_SIZE:0x800
                0x0000000000000400                _IRQ_STACK_SIZE = DEFINED (_IRQ_STACK_SIZE)?_IRQ_STACK_SIZE:0x400
                0x0000000000000400                _FIQ_STACK_SIZE = DEFINED (_FIQ_STACK_SIZE)?_FIQ_STACK_SIZE:0x400
                0x0000000000000400                _UNDEF_STACK_SIZE = DEFINED (_UNDEF_STACK_SIZE)?_UNDEF_STACK_SIZE:0x400

.text           0x0000000003800000     0x6120
 *(.vectors)
 *(.boot_data)
 .boot_data     0x0000000003800000       0x20 /Users/adityakannan/Library/Application Support/Code/User/globalStorage/vexrobotics.vexcode/sdk/cpp/V5/V5_20220726_10_00_00/vexv5/libv5rt.a(v5_startup.c.obj)
                0x0000000003800000                vexCodeSig
                0x0000000000000020                . = 0x20
 *(.boot)
 .boot          0x0000000003800020       0xbc /Users/adityakannan/Library/Application Support/Code/User/globalStorage/vexrobotics.vexcode/sdk/cpp/V5/V5_20220726_10_00_00/vexv5/libv5rt.a(v5_startup.c.obj)
                0x0000000003800020                vexStartup
                0x0000000003800100                . = ALIGN (0x40)
 *fill*         0x00000000038000dc       0x24 
 *(.freertos_vectors)
 *(.text)
 *(.text.*)
 .text._Z17default_constantsv
                0x0000000003800100      0x110 build/src/autons.o
                0x0000000003800100                default_constants()
 .text._Z16controllerScreenv
                0x0000000003800210       0x64 build/src/autons.o
                0x0000000003800210                controllerScreen()
 .text._Z7hangtwov
                0x0000000003800274       0x38 build/src/autons.o
                0x0000000003800274                hangtwo()
 *fill*         0x00000000038002ac        0x4 
 .text._Z12farSideQualsv
                0x00000000038002b0      0x1b0 build/src/autons.o
                0x00000000038002b0                farSideQuals()
 .text._Z5pistlv
                0x0000000003800460       0x10 build/src/autons.o
                0x0000000003800460                pistl()
 .text._Z9closeSidev
                0x0000000003800470       0xe0 build/src/autons.o
                0x0000000003800470                closeSide()
 .text._Z17skillsProgrammingv
                0x0000000003800550      0x2d0 build/src/autons.o
                0x0000000003800550                skillsProgramming()
 .text._Z12farSideElimsv
                0x0000000003800820      0x1e8 build/src/autons.o
                0x0000000003800820                farSideElims()
 .text._Z9odom_testv
                0x0000000003800a08      0x134 build/src/autons.o
                0x0000000003800a08                odom_test()
 .text._Z14tank_odom_testv
                0x0000000003800b3c       0x3c build/src/autons.o
                0x0000000003800b3c                tank_odom_test()
 .text._Z19holonomic_odom_testv
                0x0000000003800b78       0xa4 build/src/autons.o
                0x0000000003800b78                holonomic_odom_test()
 .text._ZN5DriveD2Ev
                0x0000000003800c1c       0x7c build/src/main.o
                0x0000000003800c1c                Drive::~Drive()
 .text._Z9pre_autonv
                0x0000000003800c98      0x188 build/src/main.o
                0x0000000003800c98                pre_auton()
 .text._Z10autonomousv
                0x0000000003800e20       0x68 build/src/main.o
                0x0000000003800e20                autonomous()
 .text._Z11usercontrolv
                0x0000000003800e88      0x388 build/src/main.o
                0x0000000003800e88                usercontrol()
 .text.main     0x0000000003801210       0x68 build/src/main.o
                0x0000000003801210                main
 .text._GLOBAL__sub_I_main.cpp
                0x0000000003801278      0x188 build/src/main.o
 .text._Z11vexcodeInitv
                0x0000000003801400        0x4 build/src/robot-config.o
                0x0000000003801400                vexcodeInit()
 .text._GLOBAL__sub_I_robot_config.cpp
                0x0000000003801404      0x390 build/src/robot-config.o
 .text._ZN3PIDC2Efffff
                0x0000000003801794       0x2c build/src/code/PID.o
                0x0000000003801794                PID::PID(float, float, float, float, float)
                0x0000000003801794                PID::PID(float, float, float, float, float)
 .text._ZN3PIDC2Effffffff
                0x00000000038017c0       0x44 build/src/code/PID.o
                0x00000000038017c0                PID::PID(float, float, float, float, float, float, float, float)
                0x00000000038017c0                PID::PID(float, float, float, float, float, float, float, float)
 .text._ZN3PID7computeEf
                0x0000000003801804       0xd0 build/src/code/PID.o
                0x0000000003801804                PID::compute(float)
 .text._ZN3PID10is_settledEv
                0x00000000038018d4       0x44 build/src/code/PID.o
                0x00000000038018d4                PID::is_settled()
 .text._ZN5DriveC2E11drive_setupN3vex11motor_groupES2_ifffiiiiiffiff
                0x0000000003801918      0x238 build/src/code/drive.o
                0x0000000003801918                Drive::Drive(drive_setup, vex::motor_group, vex::motor_group, int, float, float, float, int, int, int, int, int, float, float, int, float, float)
                0x0000000003801918                Drive::Drive(drive_setup, vex::motor_group, vex::motor_group, int, float, float, float, int, int, int, int, int, float, float, int, float, float)
 .text._ZN5Drive18drive_with_voltageEff
                0x0000000003801b50       0x6c build/src/code/drive.o
                0x0000000003801b50                Drive::drive_with_voltage(float, float)
 .text._ZN5Drive18set_turn_constantsEfffff
                0x0000000003801bbc       0x1c build/src/code/drive.o
                0x0000000003801bbc                Drive::set_turn_constants(float, float, float, float, float)
 .text._ZN5Drive19set_drive_constantsEfffff
                0x0000000003801bd8       0x1c build/src/code/drive.o
                0x0000000003801bd8                Drive::set_drive_constants(float, float, float, float, float)
 .text._ZN5Drive21set_heading_constantsEfffff
                0x0000000003801bf4       0x1c build/src/code/drive.o
                0x0000000003801bf4                Drive::set_heading_constants(float, float, float, float, float)
 .text._ZN5Drive19set_swing_constantsEfffff
                0x0000000003801c10       0x1c build/src/code/drive.o
                0x0000000003801c10                Drive::set_swing_constants(float, float, float, float, float)
 .text._ZN5Drive24set_turn_exit_conditionsEfff
                0x0000000003801c2c        0xc build/src/code/drive.o
                0x0000000003801c2c                Drive::set_turn_exit_conditions(float, float, float)
 .text._ZN5Drive25set_drive_exit_conditionsEfff
                0x0000000003801c38        0xc build/src/code/drive.o
                0x0000000003801c38                Drive::set_drive_exit_conditions(float, float, float)
 .text._ZN5Drive25set_swing_exit_conditionsEfff
                0x0000000003801c44        0xc build/src/code/drive.o
                0x0000000003801c44                Drive::set_swing_exit_conditions(float, float, float)
 .text._ZN5Drive20get_absolute_headingEv
                0x0000000003801c50       0x48 build/src/code/drive.o
                0x0000000003801c50                Drive::get_absolute_heading()
 .text._ZN5Drive13turn_to_angleEf
                0x0000000003801c98       0x50 build/src/code/drive.o
                0x0000000003801c98                Drive::turn_to_angle(float)
 .text._ZN5Drive13turn_to_angleEfffffffff
                0x0000000003801ce8      0x178 build/src/code/drive.o
                0x0000000003801ce8                Drive::turn_to_angle(float, float, float, float, float, float, float, float, float)
 .text._ZN5Drive14drive_distanceEf
                0x0000000003801e60       0x80 build/src/code/drive.o
                0x0000000003801e60                Drive::drive_distance(float)
 .text._ZN5Drive14drive_distanceEfffffffffffffff
                0x0000000003801ee0      0x2e0 build/src/code/drive.o
                0x0000000003801ee0                Drive::drive_distance(float, float, float, float, float, float, float, float, float, float, float, float, float, float, float)
 .text._ZN5Drive19left_swing_to_angleEf
                0x00000000038021c0       0x4c build/src/code/drive.o
                0x00000000038021c0                Drive::left_swing_to_angle(float)
 *fill*         0x000000000380220c        0x4 
 .text._ZN5Drive19left_swing_to_angleEfffffffff
                0x0000000003802210      0x1b8 build/src/code/drive.o
                0x0000000003802210                Drive::left_swing_to_angle(float, float, float, float, float, float, float, float, float)
 .text._ZN5Drive27get_ForwardTracker_positionEv
                0x00000000038023c8       0xa8 build/src/code/drive.o
                0x00000000038023c8                Drive::get_ForwardTracker_position()
 .text._ZN5Drive28get_SidewaysTracker_positionEv
                0x0000000003802470       0x7c build/src/code/drive.o
                0x0000000003802470                Drive::get_SidewaysTracker_position()
 *fill*         0x00000000038024ec        0x4 
 .text._ZN5Drive14position_trackEv
                0x00000000038024f0       0x88 build/src/code/drive.o
                0x00000000038024f0                Drive::position_track()
 .text._ZN5Drive11set_headingEf
                0x0000000003802578       0x50 build/src/code/drive.o
                0x0000000003802578                Drive::set_heading(float)
 .text._ZN5Drive15set_coordinatesEfff
                0x00000000038025c8       0xb0 build/src/code/drive.o
                0x00000000038025c8                Drive::set_coordinates(float, float, float)
 .text._ZN5Drive19position_track_taskEv
                0x0000000003802678       0x14 build/src/code/drive.o
                0x0000000003802678                Drive::position_track_task()
 .text._ZN5Drive14get_X_positionEv
                0x000000000380268c        0x8 build/src/code/drive.o
                0x000000000380268c                Drive::get_X_position()
 .text._ZN5Drive14get_Y_positionEv
                0x0000000003802694        0x8 build/src/code/drive.o
                0x0000000003802694                Drive::get_Y_position()
 *fill*         0x000000000380269c        0x4 
 .text._ZN5Drive24holonomic_drive_to_pointEffffffffffffffff
                0x00000000038026a0      0x520 build/src/code/drive.o
                0x00000000038026a0                Drive::holonomic_drive_to_point(float, float, float, float, float, float, float, float, float, float, float, float, float, float, float, float)
 .text._ZN5Drive24holonomic_drive_to_pointEfff
                0x0000000003802bc0       0x7c build/src/code/drive.o
                0x0000000003802bc0                Drive::holonomic_drive_to_point(float, float, float)
 .text._ZN4Odom22set_physical_distancesEff
                0x0000000003802c3c        0x8 build/src/code/odom.o
                0x0000000003802c3c                Odom::set_physical_distances(float, float)
 .text._ZN4Odom12set_positionEfffff
                0x0000000003802c44       0x1c build/src/code/odom.o
                0x0000000003802c44                Odom::set_position(float, float, float, float, float)
 .text._ZN4Odom15update_positionEfff
                0x0000000003802c60      0x1a4 build/src/code/odom.o
                0x0000000003802c60                Odom::update_position(float, float, float)
 .text._Z15reduce_0_to_360f
                0x0000000003802e04       0x7c build/src/code/util.o
                0x0000000003802e04                reduce_0_to_360(float)
 .text._Z26reduce_negative_180_to_180f
                0x0000000003802e80       0x90 build/src/code/util.o
                0x0000000003802e80                reduce_negative_180_to_180(float)
 .text._Z6to_radf
                0x0000000003802f10       0x28 build/src/code/util.o
                0x0000000003802f10                to_rad(float)
 .text._Z6to_degf
                0x0000000003802f38       0x28 build/src/code/util.o
                0x0000000003802f38                to_deg(float)
 .text._Z5clampfff
                0x0000000003802f60       0x2c build/src/code/util.o
                0x0000000003802f60                clamp(float, float, float)
 .text._Z11is_reversedd
                0x0000000003802f8c       0x18 build/src/code/util.o
                0x0000000003802f8c                is_reversed(double)
 .text._Z7to_porti
                0x0000000003802fa4       0x14 build/src/code/util.o
                0x0000000003802fa4                to_port(int)
 .text.vexMain  0x0000000003802fb8       0xb0 /Users/adityakannan/Library/Application Support/Code/User/globalStorage/vexrobotics.vexcode/sdk/cpp/V5/V5_20220726_10_00_00/vexv5/libv5rt.a(v5_startup.c.obj)
                0x0000000003802fb8                vexMain
 .text.__vex_function_prolog
                0x0000000003803068       0x18 /Users/adityakannan/Library/Application Support/Code/User/globalStorage/vexrobotics.vexcode/sdk/cpp/V5/V5_20220726_10_00_00/vexv5/libv5rt.a(v5_startup.c.obj)
                0x0000000003803068                __vex_function_prolog
 .text._init    0x0000000003803080        0x4 /Users/adityakannan/Library/Application Support/Code/User/globalStorage/vexrobotics.vexcode/sdk/cpp/V5/V5_20220726_10_00_00/vexv5/libv5rt.a(v5_startup.c.obj)
                0x0000000003803080                _init
 .text._fini    0x0000000003803084        0x4 /Users/adityakannan/Library/Application Support/Code/User/globalStorage/vexrobotics.vexcode/sdk/cpp/V5/V5_20220726_10_00_00/vexv5/libv5rt.a(v5_startup.c.obj)
                0x0000000003803084                _fini
 .text.vexStdlibVersionLinked
                0x0000000003803088        0xc /Users/adityakannan/Library/Application Support/Code/User/globalStorage/vexrobotics.vexcode/sdk/cpp/V5/V5_20220726_10_00_00/vexv5/libv5rt.a(v5_util.c.obj)
                0x0000000003803088                vexStdlibVersionLinked
 .text.vexStdlibVersionVerify
                0x0000000003803094       0x30 /Users/adityakannan/Library/Application Support/Code/User/globalStorage/vexrobotics.vexcode/sdk/cpp/V5/V5_20220726_10_00_00/vexv5/libv5rt.a(v5_util.c.obj)
                0x0000000003803094                vexStdlibVersionVerify
 .text.vexPrivateApiEnable
                0x00000000038030c4       0x10 /Users/adityakannan/Library/Application Support/Code/User/globalStorage/vexrobotics.vexcode/sdk/cpp/V5/V5_20220726_10_00_00/vexv5/libv5rt.a(v5_apijump.c.obj)
                0x00000000038030c4                vexPrivateApiEnable
 .text.vexStdlibMismatchError
                0x00000000038030d4       0x3c /Users/adityakannan/Library/Application Support/Code/User/globalStorage/vexrobotics.vexcode/sdk/cpp/V5/V5_20220726_10_00_00/vexv5/libv5rt.a(v5_apijump.c.obj)
                0x00000000038030d4                vexStdlibMismatchError
 .text.vexTaskAdd
                0x0000000003803110       0x10 /Users/adityakannan/Library/Application Support/Code/User/globalStorage/vexrobotics.vexcode/sdk/cpp/V5/V5_20220726_10_00_00/vexv5/libv5rt.a(v5_apijump.c.obj)
                0x0000000003803110                vexTaskAdd
 .text.vexTasksRun
                0x0000000003803120       0x10 /Users/adityakannan/Library/Application Support/Code/User/globalStorage/vexrobotics.vexcode/sdk/cpp/V5/V5_20220726_10_00_00/vexv5/libv5rt.a(v5_apijump.c.obj)
                0x0000000003803120                vexTasksRun
 .text.vexTaskYield
                0x0000000003803130       0x10 /Users/adityakannan/Library/Application Support/Code/User/globalStorage/vexrobotics.vexcode/sdk/cpp/V5/V5_20220726_10_00_00/vexv5/libv5rt.a(v5_apijump.c.obj)
                0x0000000003803130                vexTaskYield
 .text.vexTaskCheckTimeslice
                0x0000000003803140       0x10 /Users/adityakannan/Library/Application Support/Code/User/globalStorage/vexrobotics.vexcode/sdk/cpp/V5/V5_20220726_10_00_00/vexv5/libv5rt.a(v5_apijump.c.obj)
                0x0000000003803140                vexTaskCheckTimeslice
 .text.vexTaskGetIndex
                0x0000000003803150       0x10 /Users/adityakannan/Library/Application Support/Code/User/globalStorage/vexrobotics.vexcode/sdk/cpp/V5/V5_20220726_10_00_00/vexv5/libv5rt.a(v5_apijump.c.obj)
                0x0000000003803150                vexTaskGetIndex
 .text.vexTaskSleep
                0x0000000003803160       0x10 /Users/adityakannan/Library/Application Support/Code/User/globalStorage/vexrobotics.vexcode/sdk/cpp/V5/V5_20220726_10_00_00/vexv5/libv5rt.a(v5_apijump.c.obj)
                0x0000000003803160                vexTaskSleep
 .text.vexTasksDump
                0x0000000003803170       0x1c /Users/adityakannan/Library/Application Support/Code/User/globalStorage/vexrobotics.vexcode/sdk/cpp/V5/V5_20220726_10_00_00/vexv5/libv5rt.a(v5_apijump.c.obj)
                0x0000000003803170                vexTasksDump
 .text.vexTaskGetTaskIndex
                0x000000000380318c       0x10 /Users/adityakannan/Library/Application Support/Code/User/globalStorage/vexrobotics.vexcode/sdk/cpp/V5/V5_20220726_10_00_00/vexv5/libv5rt.a(v5_apijump.c.obj)
                0x000000000380318c                vexTaskGetTaskIndex
 .text.vexTaskStopAll
                0x000000000380319c       0x10 /Users/adityakannan/Library/Application Support/Code/User/globalStorage/vexrobotics.vexcode/sdk/cpp/V5/V5_20220726_10_00_00/vexv5/libv5rt.a(v5_apijump.c.obj)
                0x000000000380319c                vexTaskStopAll
 .text.vexTaskRemoveAllUser
                0x00000000038031ac       0x34 /Users/adityakannan/Library/Application Support/Code/User/globalStorage/vexrobotics.vexcode/sdk/cpp/V5/V5_20220726_10_00_00/vexv5/libv5rt.a(v5_apijump.c.obj)
                0x00000000038031ac                vexTaskRemoveAllUser
 .text.vexTaskCompletionIdSet
                0x00000000038031e0       0x10 /Users/adityakannan/Library/Application Support/Code/User/globalStorage/vexrobotics.vexcode/sdk/cpp/V5/V5_20220726_10_00_00/vexv5/libv5rt.a(v5_apijump.c.obj)
                0x00000000038031e0                vexTaskCompletionIdSet
 .text.vexTaskStopWithId
                0x00000000038031f0       0x10 /Users/adityakannan/Library/Application Support/Code/User/globalStorage/vexrobotics.vexcode/sdk/cpp/V5/V5_20220726_10_00_00/vexv5/libv5rt.a(v5_apijump.c.obj)
                0x00000000038031f0                vexTaskStopWithId
 .text.vexTaskGetCallbackAndId
                0x0000000003803200       0x54 /Users/adityakannan/Library/Application Support/Code/User/globalStorage/vexrobotics.vexcode/sdk/cpp/V5/V5_20220726_10_00_00/vexv5/libv5rt.a(v5_apijump.c.obj)
                0x0000000003803200                vexTaskGetCallbackAndId
 .text.vexCriticalSection
                0x0000000003803254       0x2c /Users/adityakannan/Library/Application Support/Code/User/globalStorage/vexrobotics.vexcode/sdk/cpp/V5/V5_20220726_10_00_00/vexv5/libv5rt.a(v5_apijump.c.obj)
                0x0000000003803254                vexCriticalSection
 .text.vexEventAdd
                0x0000000003803280       0x34 /Users/adityakannan/Library/Application Support/Code/User/globalStorage/vexrobotics.vexcode/sdk/cpp/V5/V5_20220726_10_00_00/vexv5/libv5rt.a(v5_apijump.c.obj)
                0x0000000003803280                vexEventAdd
 .text.vexEventUserIndexGet
                0x00000000038032b4       0x1c /Users/adityakannan/Library/Application Support/Code/User/globalStorage/vexrobotics.vexcode/sdk/cpp/V5/V5_20220726_10_00_00/vexv5/libv5rt.a(v5_apijump.c.obj)
                0x00000000038032b4                vexEventUserIndexGet
 .text.vexEventAddWithArg
                0x00000000038032d0       0x3c /Users/adityakannan/Library/Application Support/Code/User/globalStorage/vexrobotics.vexcode/sdk/cpp/V5/V5_20220726_10_00_00/vexv5/libv5rt.a(v5_apijump.c.obj)
                0x00000000038032d0                vexEventAddWithArg
 .text.vexEventsCleanup
                0x000000000380330c       0x2c /Users/adityakannan/Library/Application Support/Code/User/globalStorage/vexrobotics.vexcode/sdk/cpp/V5/V5_20220726_10_00_00/vexv5/libv5rt.a(v5_apijump.c.obj)
                0x000000000380330c                vexEventsCleanup
 .text.vexDebug
                0x0000000003803338       0x38 /Users/adityakannan/Library/Application Support/Code/User/globalStorage/vexrobotics.vexcode/sdk/cpp/V5/V5_20220726_10_00_00/vexv5/libv5rt.a(v5_apijump.c.obj)
                0x0000000003803338                vexDebug
 .text.vex_sprintf
                0x0000000003803370       0x40 /Users/adityakannan/Library/Application Support/Code/User/globalStorage/vexrobotics.vexcode/sdk/cpp/V5/V5_20220726_10_00_00/vexv5/libv5rt.a(v5_apijump.c.obj)
                0x0000000003803370                vex_sprintf
 .text.vex_vsnprintf
                0x00000000038033b0       0x3c /Users/adityakannan/Library/Application Support/Code/User/globalStorage/vexrobotics.vexcode/sdk/cpp/V5/V5_20220726_10_00_00/vexv5/libv5rt.a(v5_apijump.c.obj)
                0x00000000038033b0                vex_vsnprintf
 .text.vexSystemTimeGet
                0x00000000038033ec       0x1c /Users/adityakannan/Library/Application Support/Code/User/globalStorage/vexrobotics.vexcode/sdk/cpp/V5/V5_20220726_10_00_00/vexv5/libv5rt.a(v5_apijump.c.obj)
                0x00000000038033ec                vexSystemTimeGet
 .text.vexSystemExitRequest
                0x0000000003803408       0x1c /Users/adityakannan/Library/Application Support/Code/User/globalStorage/vexrobotics.vexcode/sdk/cpp/V5/V5_20220726_10_00_00/vexv5/libv5rt.a(v5_apijump.c.obj)
                0x0000000003803408                vexSystemExitRequest
 .text.vexDeviceGetByIndex
                0x0000000003803424       0x24 /Users/adityakannan/Library/Application Support/Code/User/globalStorage/vexrobotics.vexcode/sdk/cpp/V5/V5_20220726_10_00_00/vexv5/libv5rt.a(v5_apijump.c.obj)
                0x0000000003803424                vexDeviceGetByIndex
 .text.vexControllerGet
                0x0000000003803448       0x2c /Users/adityakannan/Library/Application Support/Code/User/globalStorage/vexrobotics.vexcode/sdk/cpp/V5/V5_20220726_10_00_00/vexv5/libv5rt.a(v5_apijump.c.obj)
                0x0000000003803448                vexControllerGet
 .text.vexControllerTextSet
                0x0000000003803474       0x74 /Users/adityakannan/Library/Application Support/Code/User/globalStorage/vexrobotics.vexcode/sdk/cpp/V5/V5_20220726_10_00_00/vexv5/libv5rt.a(v5_apijump.c.obj)
                0x0000000003803474                vexControllerTextSet
 .text.vexDeviceAdiPortConfigSet
                0x00000000038034e8       0x34 /Users/adityakannan/Library/Application Support/Code/User/globalStorage/vexrobotics.vexcode/sdk/cpp/V5/V5_20220726_10_00_00/vexv5/libv5rt.a(v5_apijump.c.obj)
                0x00000000038034e8                vexDeviceAdiPortConfigSet
 .text.vexDeviceAdiPortConfigGet
                0x000000000380351c       0x2c /Users/adityakannan/Library/Application Support/Code/User/globalStorage/vexrobotics.vexcode/sdk/cpp/V5/V5_20220726_10_00_00/vexv5/libv5rt.a(v5_apijump.c.obj)
                0x000000000380351c                vexDeviceAdiPortConfigGet
 .text.vexDeviceAdiValueSet
                0x0000000003803548       0x34 /Users/adityakannan/Library/Application Support/Code/User/globalStorage/vexrobotics.vexcode/sdk/cpp/V5/V5_20220726_10_00_00/vexv5/libv5rt.a(v5_apijump.c.obj)
                0x0000000003803548                vexDeviceAdiValueSet
 .text.vexDeviceAdiValueGet
                0x000000000380357c       0x2c /Users/adityakannan/Library/Application Support/Code/User/globalStorage/vexrobotics.vexcode/sdk/cpp/V5/V5_20220726_10_00_00/vexv5/libv5rt.a(v5_apijump.c.obj)
                0x000000000380357c                vexDeviceAdiValueGet
 .text.vexDeviceMotorVelocitySet
                0x00000000038035a8       0x2c /Users/adityakannan/Library/Application Support/Code/User/globalStorage/vexrobotics.vexcode/sdk/cpp/V5/V5_20220726_10_00_00/vexv5/libv5rt.a(v5_apijump.c.obj)
                0x00000000038035a8                vexDeviceMotorVelocitySet
 .text.vexDeviceMotorVoltageSet
                0x00000000038035d4       0x2c /Users/adityakannan/Library/Application Support/Code/User/globalStorage/vexrobotics.vexcode/sdk/cpp/V5/V5_20220726_10_00_00/vexv5/libv5rt.a(v5_apijump.c.obj)
                0x00000000038035d4                vexDeviceMotorVoltageSet
 .text.vexDeviceMotorActualVelocityGet
                0x0000000003803600       0x24 /Users/adityakannan/Library/Application Support/Code/User/globalStorage/vexrobotics.vexcode/sdk/cpp/V5/V5_20220726_10_00_00/vexv5/libv5rt.a(v5_apijump.c.obj)
                0x0000000003803600                vexDeviceMotorActualVelocityGet
 .text.vexDeviceMotorReverseFlagSet
                0x0000000003803624       0x2c /Users/adityakannan/Library/Application Support/Code/User/globalStorage/vexrobotics.vexcode/sdk/cpp/V5/V5_20220726_10_00_00/vexv5/libv5rt.a(v5_apijump.c.obj)
                0x0000000003803624                vexDeviceMotorReverseFlagSet
 .text.vexDeviceMotorEncoderUnitsSet
                0x0000000003803650       0x2c /Users/adityakannan/Library/Application Support/Code/User/globalStorage/vexrobotics.vexcode/sdk/cpp/V5/V5_20220726_10_00_00/vexv5/libv5rt.a(v5_apijump.c.obj)
                0x0000000003803650                vexDeviceMotorEncoderUnitsSet
 .text.vexDeviceMotorBrakeModeSet
                0x000000000380367c       0x2c /Users/adityakannan/Library/Application Support/Code/User/globalStorage/vexrobotics.vexcode/sdk/cpp/V5/V5_20220726_10_00_00/vexv5/libv5rt.a(v5_apijump.c.obj)
                0x000000000380367c                vexDeviceMotorBrakeModeSet
 .text.vexDeviceMotorPositionSet
                0x00000000038036a8       0x34 /Users/adityakannan/Library/Application Support/Code/User/globalStorage/vexrobotics.vexcode/sdk/cpp/V5/V5_20220726_10_00_00/vexv5/libv5rt.a(v5_apijump.c.obj)
                0x00000000038036a8                vexDeviceMotorPositionSet
 .text.vexDeviceMotorPositionGet
                0x00000000038036dc       0x24 /Users/adityakannan/Library/Application Support/Code/User/globalStorage/vexrobotics.vexcode/sdk/cpp/V5/V5_20220726_10_00_00/vexv5/libv5rt.a(v5_apijump.c.obj)
                0x00000000038036dc                vexDeviceMotorPositionGet
 .text.vexDeviceMotorGearingSet
                0x0000000003803700       0x2c /Users/adityakannan/Library/Application Support/Code/User/globalStorage/vexrobotics.vexcode/sdk/cpp/V5/V5_20220726_10_00_00/vexv5/libv5rt.a(v5_apijump.c.obj)
                0x0000000003803700                vexDeviceMotorGearingSet
 .text.vexDeviceMotorGearingGet
                0x000000000380372c       0x24 /Users/adityakannan/Library/Application Support/Code/User/globalStorage/vexrobotics.vexcode/sdk/cpp/V5/V5_20220726_10_00_00/vexv5/libv5rt.a(v5_apijump.c.obj)
                0x000000000380372c                vexDeviceMotorGearingGet
 .text.vexDeviceImuReset
                0x0000000003803750       0x24 /Users/adityakannan/Library/Application Support/Code/User/globalStorage/vexrobotics.vexcode/sdk/cpp/V5/V5_20220726_10_00_00/vexv5/libv5rt.a(v5_apijump.c.obj)
                0x0000000003803750                vexDeviceImuReset
 .text.vexDeviceImuHeadingGet
                0x0000000003803774       0x24 /Users/adityakannan/Library/Application Support/Code/User/globalStorage/vexrobotics.vexcode/sdk/cpp/V5/V5_20220726_10_00_00/vexv5/libv5rt.a(v5_apijump.c.obj)
                0x0000000003803774                vexDeviceImuHeadingGet
 .text.vexDeviceImuDegreesGet
                0x0000000003803798       0x24 /Users/adityakannan/Library/Application Support/Code/User/globalStorage/vexrobotics.vexcode/sdk/cpp/V5/V5_20220726_10_00_00/vexv5/libv5rt.a(v5_apijump.c.obj)
                0x0000000003803798                vexDeviceImuDegreesGet
 .text.vexDeviceImuStatusGet
                0x00000000038037bc       0x24 /Users/adityakannan/Library/Application Support/Code/User/globalStorage/vexrobotics.vexcode/sdk/cpp/V5/V5_20220726_10_00_00/vexv5/libv5rt.a(v5_apijump.c.obj)
                0x00000000038037bc                vexDeviceImuStatusGet
 .text.vexDeviceAbsEncPositionGet
                0x00000000038037e0       0x24 /Users/adityakannan/Library/Application Support/Code/User/globalStorage/vexrobotics.vexcode/sdk/cpp/V5/V5_20220726_10_00_00/vexv5/libv5rt.a(v5_apijump.c.obj)
                0x00000000038037e0                vexDeviceAbsEncPositionGet
 .text.vexDeviceAbsEncAngleGet
                0x0000000003803804       0x24 /Users/adityakannan/Library/Application Support/Code/User/globalStorage/vexrobotics.vexcode/sdk/cpp/V5/V5_20220726_10_00_00/vexv5/libv5rt.a(v5_apijump.c.obj)
                0x0000000003803804                vexDeviceAbsEncAngleGet
 .text.vexDeviceAbsEncReverseFlagSet
                0x0000000003803828       0x2c /Users/adityakannan/Library/Application Support/Code/User/globalStorage/vexrobotics.vexcode/sdk/cpp/V5/V5_20220726_10_00_00/vexv5/libv5rt.a(v5_apijump.c.obj)
                0x0000000003803828                vexDeviceAbsEncReverseFlagSet
 .text.vexDeviceDistanceDistanceGet
                0x0000000003803854       0x24 /Users/adityakannan/Library/Application Support/Code/User/globalStorage/vexrobotics.vexcode/sdk/cpp/V5/V5_20220726_10_00_00/vexv5/libv5rt.a(v5_apijump.c.obj)
                0x0000000003803854                vexDeviceDistanceDistanceGet
 .text.vexDisplayForegroundColor
                0x0000000003803878       0x24 /Users/adityakannan/Library/Application Support/Code/User/globalStorage/vexrobotics.vexcode/sdk/cpp/V5/V5_20220726_10_00_00/vexv5/libv5rt.a(v5_apijump.c.obj)
                0x0000000003803878                vexDisplayForegroundColor
 .text.vexDisplayBackgroundColor
                0x000000000380389c       0x24 /Users/adityakannan/Library/Application Support/Code/User/globalStorage/vexrobotics.vexcode/sdk/cpp/V5/V5_20220726_10_00_00/vexv5/libv5rt.a(v5_apijump.c.obj)
                0x000000000380389c                vexDisplayBackgroundColor
 .text.vexDisplayBackgroundColorGet
                0x00000000038038c0       0x1c /Users/adityakannan/Library/Application Support/Code/User/globalStorage/vexrobotics.vexcode/sdk/cpp/V5/V5_20220726_10_00_00/vexv5/libv5rt.a(v5_apijump.c.obj)
                0x00000000038038c0                vexDisplayBackgroundColorGet
 .text.vexDisplayRectClear
                0x00000000038038dc       0x4c /Users/adityakannan/Library/Application Support/Code/User/globalStorage/vexrobotics.vexcode/sdk/cpp/V5/V5_20220726_10_00_00/vexv5/libv5rt.a(v5_apijump.c.obj)
                0x00000000038038dc                vexDisplayRectClear
 .text.vexDisplayVPrintf
                0x0000000003803928       0x50 /Users/adityakannan/Library/Application Support/Code/User/globalStorage/vexrobotics.vexcode/sdk/cpp/V5/V5_20220726_10_00_00/vexv5/libv5rt.a(v5_apijump.c.obj)
                0x0000000003803928                vexDisplayVPrintf
 .text.vexDisplayTextReference
                0x0000000003803978       0x24 /Users/adityakannan/Library/Application Support/Code/User/globalStorage/vexrobotics.vexcode/sdk/cpp/V5/V5_20220726_10_00_00/vexv5/libv5rt.a(v5_apijump.c.obj)
                0x0000000003803978                vexDisplayTextReference
 .text.vexDisplayTextSize
                0x000000000380399c       0x2c /Users/adityakannan/Library/Application Support/Code/User/globalStorage/vexrobotics.vexcode/sdk/cpp/V5/V5_20220726_10_00_00/vexv5/libv5rt.a(v5_apijump.c.obj)
                0x000000000380399c                vexDisplayTextSize
 .text.vexDisplayFontNamedSet
                0x00000000038039c8       0x24 /Users/adityakannan/Library/Application Support/Code/User/globalStorage/vexrobotics.vexcode/sdk/cpp/V5/V5_20220726_10_00_00/vexv5/libv5rt.a(v5_apijump.c.obj)
                0x00000000038039c8                vexDisplayFontNamedSet
 .text.vexSystemStdlibImpureDataAddr
                0x00000000038039ec       0x28 /Users/adityakannan/Library/Application Support/Code/User/globalStorage/vexrobotics.vexcode/sdk/cpp/V5/V5_20220726_10_00_00/vexv5/libv5rt.a(v5_apijump.c.obj)
                0x00000000038039ec                vexSystemStdlibImpureDataAddr
 .text.vexSystemStdlibImpureDataSize
                0x0000000003803a14       0x28 /Users/adityakannan/Library/Application Support/Code/User/globalStorage/vexrobotics.vexcode/sdk/cpp/V5/V5_20220726_10_00_00/vexv5/libv5rt.a(v5_apijump.c.obj)
                0x0000000003803a14                vexSystemStdlibImpureDataSize
 .text.vexSystemSaveUserData
                0x0000000003803a3c       0x3c /Users/adityakannan/Library/Application Support/Code/User/globalStorage/vexrobotics.vexcode/sdk/cpp/V5/V5_20220726_10_00_00/vexv5/libv5rt.a(v5_apijump.c.obj)
                0x0000000003803a3c                vexSystemSaveUserData
 .text.vexTouchDataGet
                0x0000000003803a78       0x10 /Users/adityakannan/Library/Application Support/Code/User/globalStorage/vexrobotics.vexcode/sdk/cpp/V5/V5_20220726_10_00_00/vexv5/libv5rt.a(v5_apijump.c.obj)
                0x0000000003803a78                vexTouchDataGet
 .text.vexDisplayThemeIdGet
                0x0000000003803a88       0x38 /Users/adityakannan/Library/Application Support/Code/User/globalStorage/vexrobotics.vexcode/sdk/cpp/V5/V5_20220726_10_00_00/vexv5/libv5rt.a(v5_apijump.c.obj)
                0x0000000003803a88                vexDisplayThemeIdGet
 .text.vexDeviceEventMaskSet
                0x0000000003803ac0       0x48 /Users/adityakannan/Library/Application Support/Code/User/globalStorage/vexrobotics.vexcode/sdk/cpp/V5/V5_20220726_10_00_00/vexv5/libv5rt.a(v5_apijump.c.obj)
                0x0000000003803ac0                vexDeviceEventMaskSet
 .text.vexDeviceEventMaskGet
                0x0000000003803b08       0x3c /Users/adityakannan/Library/Application Support/Code/User/globalStorage/vexrobotics.vexcode/sdk/cpp/V5/V5_20220726_10_00_00/vexv5/libv5rt.a(v5_apijump.c.obj)
                0x0000000003803b08                vexDeviceEventMaskGet
 .text.vexDeviceEventBitsSet
                0x0000000003803b44       0x48 /Users/adityakannan/Library/Application Support/Code/User/globalStorage/vexrobotics.vexcode/sdk/cpp/V5/V5_20220726_10_00_00/vexv5/libv5rt.a(v5_apijump.c.obj)
                0x0000000003803b44                vexDeviceEventBitsSet
 .text.vexDeviceEventBitsGet
                0x0000000003803b8c       0x3c /Users/adityakannan/Library/Application Support/Code/User/globalStorage/vexrobotics.vexcode/sdk/cpp/V5/V5_20220726_10_00_00/vexv5/libv5rt.a(v5_apijump.c.obj)
                0x0000000003803b8c                vexDeviceEventBitsGet
 .text.vexSystemVersion
                0x0000000003803bc8       0x10 /Users/adityakannan/Library/Application Support/Code/User/globalStorage/vexrobotics.vexcode/sdk/cpp/V5/V5_20220726_10_00_00/vexv5/libv5rt.a(v5_apiversions.c.obj)
                0x0000000003803bc8                vexSystemVersion
 .text.vexStdlibVersion
                0x0000000003803bd8       0x10 /Users/adityakannan/Library/Application Support/Code/User/globalStorage/vexrobotics.vexcode/sdk/cpp/V5/V5_20220726_10_00_00/vexv5/libv5rt.a(v5_apiversions.c.obj)
                0x0000000003803bd8                vexStdlibVersion
 .text._ZN3vex4waitEdNS_9timeUnitsE
                0x0000000003803be8       0x30 /Users/adityakannan/Library/Application Support/Code/User/globalStorage/vexrobotics.vexcode/sdk/cpp/V5/V5_20220726_10_00_00/vexv5/libv5rt.a(vex_global.cpp.obj)
                0x0000000003803be8                vex::wait(double, vex::timeUnits)
 .text._ZN3vex5motorD2Ev
                0x0000000003803c18       0x20 /Users/adityakannan/Library/Application Support/Code/User/globalStorage/vexrobotics.vexcode/sdk/cpp/V5/V5_20220726_10_00_00/vexv5/libv5rt.a(vex_motor.cpp.obj)
                0x0000000003803c18                vex::motor::~motor()
                0x0000000003803c18                vex::motor::~motor()
 .text._ZN3vex5motorD0Ev
                0x0000000003803c38       0x1c /Users/adityakannan/Library/Application Support/Code/User/globalStorage/vexrobotics.vexcode/sdk/cpp/V5/V5_20220726_10_00_00/vexv5/libv5rt.a(vex_motor.cpp.obj)
                0x0000000003803c38                vex::motor::~motor()
 .text._ZN3vex5motor9installedEv
                0x0000000003803c54       0x18 /Users/adityakannan/Library/Application Support/Code/User/globalStorage/vexrobotics.vexcode/sdk/cpp/V5/V5_20220726_10_00_00/vexv5/libv5rt.a(vex_motor.cpp.obj)
                0x0000000003803c54                vex::motor::installed()
 .text._ZN3vex5motor15defaultStoppingENS_9brakeTypeE
                0x0000000003803c6c       0x30 /Users/adityakannan/Library/Application Support/Code/User/globalStorage/vexrobotics.vexcode/sdk/cpp/V5/V5_20220726_10_00_00/vexv5/libv5rt.a(vex_motor.cpp.obj)
                0x0000000003803c6c                vex::motor::defaultStopping(vex::brakeType)
 .text._ZN3vex5motor11setStoppingENS_9brakeTypeE
                0x0000000003803c9c        0x4 /Users/adityakannan/Library/Application Support/Code/User/globalStorage/vexrobotics.vexcode/sdk/cpp/V5/V5_20220726_10_00_00/vexv5/libv5rt.a(vex_motor.cpp.obj)
                0x0000000003803c9c                vex::motor::setStopping(vex::brakeType)
 .text._ZN3vex5motorC2El
                0x0000000003803ca0       0x78 /Users/adityakannan/Library/Application Support/Code/User/globalStorage/vexrobotics.vexcode/sdk/cpp/V5/V5_20220726_10_00_00/vexv5/libv5rt.a(vex_motor.cpp.obj)
                0x0000000003803ca0                vex::motor::motor(long)
                0x0000000003803ca0                vex::motor::motor(long)
 .text._ZN3vex5motorC2ElNS_11gearSettingEb
                0x0000000003803d18       0x34 /Users/adityakannan/Library/Application Support/Code/User/globalStorage/vexrobotics.vexcode/sdk/cpp/V5/V5_20220726_10_00_00/vexv5/libv5rt.a(vex_motor.cpp.obj)
                0x0000000003803d18                vex::motor::motor(long, vex::gearSetting, bool)
                0x0000000003803d18                vex::motor::motor(long, vex::gearSetting, bool)
 .text._ZN3vex5motorC2Elb
                0x0000000003803d4c       0x24 /Users/adityakannan/Library/Application Support/Code/User/globalStorage/vexrobotics.vexcode/sdk/cpp/V5/V5_20220726_10_00_00/vexv5/libv5rt.a(vex_motor.cpp.obj)
                0x0000000003803d4c                vex::motor::motor(long, bool)
                0x0000000003803d4c                vex::motor::motor(long, bool)
 .text._ZN3vex5motor4spinENS_13directionTypeEdNS_12voltageUnitsE
                0x0000000003803d70       0x50 /Users/adityakannan/Library/Application Support/Code/User/globalStorage/vexrobotics.vexcode/sdk/cpp/V5/V5_20220726_10_00_00/vexv5/libv5rt.a(vex_motor.cpp.obj)
                0x0000000003803d70                vex::motor::spin(vex::directionType, double, vex::voltageUnits)
 .text._ZN3vex5motor4stopENS_9brakeTypeE
                0x0000000003803dc0       0x30 /Users/adityakannan/Library/Application Support/Code/User/globalStorage/vexrobotics.vexcode/sdk/cpp/V5/V5_20220726_10_00_00/vexv5/libv5rt.a(vex_motor.cpp.obj)
                0x0000000003803dc0                vex::motor::stop(vex::brakeType)
 .text._ZN3vex5motor4stopEv
                0x0000000003803df0        0x8 /Users/adityakannan/Library/Application Support/Code/User/globalStorage/vexrobotics.vexcode/sdk/cpp/V5/V5_20220726_10_00_00/vexv5/libv5rt.a(vex_motor.cpp.obj)
                0x0000000003803df0                vex::motor::stop()
 .text._ZN3vex5motor16velocityToScaledEdNS_13velocityUnitsE
                0x0000000003803df8       0x5c /Users/adityakannan/Library/Application Support/Code/User/globalStorage/vexrobotics.vexcode/sdk/cpp/V5/V5_20220726_10_00_00/vexv5/libv5rt.a(vex_motor.cpp.obj)
                0x0000000003803df8                vex::motor::velocityToScaled(double, vex::velocityUnits)
 .text._ZN3vex5motor8velocityENS_13velocityUnitsE
                0x0000000003803e54       0x30 /Users/adityakannan/Library/Application Support/Code/User/globalStorage/vexrobotics.vexcode/sdk/cpp/V5/V5_20220726_10_00_00/vexv5/libv5rt.a(vex_motor.cpp.obj)
                0x0000000003803e54                vex::motor::velocity(vex::velocityUnits)
 .text._ZN3vex5motor5valueEv
                0x0000000003803e84       0x1c /Users/adityakannan/Library/Application Support/Code/User/globalStorage/vexrobotics.vexcode/sdk/cpp/V5/V5_20220726_10_00_00/vexv5/libv5rt.a(vex_motor.cpp.obj)
                0x0000000003803e84                vex::motor::value()
 .text._ZN3vex5motor16scaledToVelocityEdNS_13velocityUnitsE
                0x0000000003803ea0       0xa4 /Users/adityakannan/Library/Application Support/Code/User/globalStorage/vexrobotics.vexcode/sdk/cpp/V5/V5_20220726_10_00_00/vexv5/libv5rt.a(vex_motor.cpp.obj)
                0x0000000003803ea0                vex::motor::scaledToVelocity(double, vex::velocityUnits)
 .text._ZN3vex5motor4spinENS_13directionTypeEdNS_13velocityUnitsE
                0x0000000003803f44       0x5c /Users/adityakannan/Library/Application Support/Code/User/globalStorage/vexrobotics.vexcode/sdk/cpp/V5/V5_20220726_10_00_00/vexv5/libv5rt.a(vex_motor.cpp.obj)
                0x0000000003803f44                vex::motor::spin(vex::directionType, double, vex::velocityUnits)
 .text._ZN3vex5motor4spinENS_13directionTypeE
                0x0000000003803fa0       0x28 /Users/adityakannan/Library/Application Support/Code/User/globalStorage/vexrobotics.vexcode/sdk/cpp/V5/V5_20220726_10_00_00/vexv5/libv5rt.a(vex_motor.cpp.obj)
                0x0000000003803fa0                vex::motor::spin(vex::directionType)
 .text._ZN3vex5motor7spinForEdNS_9timeUnitsEdNS_13velocityUnitsE
                0x0000000003803fc8       0x78 /Users/adityakannan/Library/Application Support/Code/User/globalStorage/vexrobotics.vexcode/sdk/cpp/V5/V5_20220726_10_00_00/vexv5/libv5rt.a(vex_motor.cpp.obj)
                0x0000000003803fc8                vex::motor::spinFor(double, vex::timeUnits, double, vex::velocityUnits)
 .text._ZN3vex5motor7spinForEdNS_9timeUnitsE
                0x0000000003804040       0x2c /Users/adityakannan/Library/Application Support/Code/User/globalStorage/vexrobotics.vexcode/sdk/cpp/V5/V5_20220726_10_00_00/vexv5/libv5rt.a(vex_motor.cpp.obj)
                0x0000000003804040                vex::motor::spinFor(double, vex::timeUnits)
 .text._ZN3vex5motor16setRotationUnitsENS_13rotationUnitsE
                0x000000000380406c       0x1c /Users/adityakannan/Library/Application Support/Code/User/globalStorage/vexrobotics.vexcode/sdk/cpp/V5/V5_20220726_10_00_00/vexv5/libv5rt.a(vex_motor.cpp.obj)
                0x000000000380406c                vex::motor::setRotationUnits(vex::rotationUnits)
 .text._ZN3vex5motor8positionENS_13rotationUnitsE
                0x0000000003804088       0x44 /Users/adityakannan/Library/Application Support/Code/User/globalStorage/vexrobotics.vexcode/sdk/cpp/V5/V5_20220726_10_00_00/vexv5/libv5rt.a(vex_motor.cpp.obj)
                0x0000000003804088                vex::motor::position(vex::rotationUnits)
 .text._ZN3vex8inertial11getTurnTypeEv
                0x00000000038040cc        0x8 /Users/adityakannan/Library/Application Support/Code/User/globalStorage/vexrobotics.vexcode/sdk/cpp/V5/V5_20220726_10_00_00/vexv5/libv5rt.a(vex_imu.cpp.obj)
                0x00000000038040cc                vex::inertial::getTurnType()
 .text._ZThn16_N3vex8inertial11getTurnTypeEv
                0x00000000038040d4        0x8 /Users/adityakannan/Library/Application Support/Code/User/globalStorage/vexrobotics.vexcode/sdk/cpp/V5/V5_20220726_10_00_00/vexv5/libv5rt.a(vex_imu.cpp.obj)
                0x00000000038040d4                non-virtual thunk to vex::inertial::getTurnType()
 *fill*         0x00000000038040dc        0x4 
 .text._ZN3vex8inertial10setHeadingEdNS_13rotationUnitsE
                0x00000000038040e0       0x58 /Users/adityakannan/Library/Application Support/Code/User/globalStorage/vexrobotics.vexcode/sdk/cpp/V5/V5_20220726_10_00_00/vexv5/libv5rt.a(vex_imu.cpp.obj)
                0x00000000038040e0                vex::inertial::setHeading(double, vex::rotationUnits)
 .text._ZThn16_N3vex8inertial10setHeadingEdNS_13rotationUnitsE
                0x0000000003804138        0x8 /Users/adityakannan/Library/Application Support/Code/User/globalStorage/vexrobotics.vexcode/sdk/cpp/V5/V5_20220726_10_00_00/vexv5/libv5rt.a(vex_imu.cpp.obj)
                0x0000000003804138                non-virtual thunk to vex::inertial::setHeading(double, vex::rotationUnits)
 .text._ZN3vex8inertial11setRotationEdNS_13rotationUnitsE
                0x0000000003804140       0x58 /Users/adityakannan/Library/Application Support/Code/User/globalStorage/vexrobotics.vexcode/sdk/cpp/V5/V5_20220726_10_00_00/vexv5/libv5rt.a(vex_imu.cpp.obj)
                0x0000000003804140                vex::inertial::setRotation(double, vex::rotationUnits)
 .text._ZThn16_N3vex8inertial11setRotationEdNS_13rotationUnitsE
                0x0000000003804198        0x8 /Users/adityakannan/Library/Application Support/Code/User/globalStorage/vexrobotics.vexcode/sdk/cpp/V5/V5_20220726_10_00_00/vexv5/libv5rt.a(vex_imu.cpp.obj)
                0x0000000003804198                non-virtual thunk to vex::inertial::setRotation(double, vex::rotationUnits)
 .text._ZN3vex8inertialD2Ev
                0x00000000038041a0       0x20 /Users/adityakannan/Library/Application Support/Code/User/globalStorage/vexrobotics.vexcode/sdk/cpp/V5/V5_20220726_10_00_00/vexv5/libv5rt.a(vex_imu.cpp.obj)
                0x00000000038041a0                vex::inertial::~inertial()
                0x00000000038041a0                vex::inertial::~inertial()
 .text._ZThn16_N3vex8inertialD1Ev
                0x00000000038041c0        0x8 /Users/adityakannan/Library/Application Support/Code/User/globalStorage/vexrobotics.vexcode/sdk/cpp/V5/V5_20220726_10_00_00/vexv5/libv5rt.a(vex_imu.cpp.obj)
                0x00000000038041c0                non-virtual thunk to vex::inertial::~inertial()
 .text._ZN3vex8inertialD0Ev
                0x00000000038041c8       0x1c /Users/adityakannan/Library/Application Support/Code/User/globalStorage/vexrobotics.vexcode/sdk/cpp/V5/V5_20220726_10_00_00/vexv5/libv5rt.a(vex_imu.cpp.obj)
                0x00000000038041c8                vex::inertial::~inertial()
 .text._ZThn16_N3vex8inertialD0Ev
                0x00000000038041e4        0x8 /Users/adityakannan/Library/Application Support/Code/User/globalStorage/vexrobotics.vexcode/sdk/cpp/V5/V5_20220726_10_00_00/vexv5/libv5rt.a(vex_imu.cpp.obj)
                0x00000000038041e4                non-virtual thunk to vex::inertial::~inertial()
 .text._ZN3vex8inertial9installedEv
                0x00000000038041ec       0x18 /Users/adityakannan/Library/Application Support/Code/User/globalStorage/vexrobotics.vexcode/sdk/cpp/V5/V5_20220726_10_00_00/vexv5/libv5rt.a(vex_imu.cpp.obj)
                0x00000000038041ec                vex::inertial::installed()
 .text._ZN3vex8inertial5angleENS_13rotationUnitsE
                0x0000000003804204       0x6c /Users/adityakannan/Library/Application Support/Code/User/globalStorage/vexrobotics.vexcode/sdk/cpp/V5/V5_20220726_10_00_00/vexv5/libv5rt.a(vex_imu.cpp.obj)
                0x0000000003804204                vex::inertial::angle(vex::rotationUnits)
 .text._ZThn16_N3vex8inertial5angleENS_13rotationUnitsE
                0x0000000003804270        0x8 /Users/adityakannan/Library/Application Support/Code/User/globalStorage/vexrobotics.vexcode/sdk/cpp/V5/V5_20220726_10_00_00/vexv5/libv5rt.a(vex_imu.cpp.obj)
                0x0000000003804270                non-virtual thunk to vex::inertial::angle(vex::rotationUnits)
 .text._ZN3vex8inertial7headingENS_13rotationUnitsE
                0x0000000003804278        0x4 /Users/adityakannan/Library/Application Support/Code/User/globalStorage/vexrobotics.vexcode/sdk/cpp/V5/V5_20220726_10_00_00/vexv5/libv5rt.a(vex_imu.cpp.obj)
                0x0000000003804278                vex::inertial::heading(vex::rotationUnits)
 .text._ZThn16_N3vex8inertial7headingENS_13rotationUnitsE
                0x000000000380427c        0x8 /Users/adityakannan/Library/Application Support/Code/User/globalStorage/vexrobotics.vexcode/sdk/cpp/V5/V5_20220726_10_00_00/vexv5/libv5rt.a(vex_imu.cpp.obj)
                0x000000000380427c                non-virtual thunk to vex::inertial::heading(vex::rotationUnits)
 .text._ZN3vex8inertial5valueEv
                0x0000000003804284       0x1c /Users/adityakannan/Library/Application Support/Code/User/globalStorage/vexrobotics.vexcode/sdk/cpp/V5/V5_20220726_10_00_00/vexv5/libv5rt.a(vex_imu.cpp.obj)
                0x0000000003804284                vex::inertial::value()
 .text._ZN3vex8inertial8rotationENS_13rotationUnitsE
                0x00000000038042a0       0x48 /Users/adityakannan/Library/Application Support/Code/User/globalStorage/vexrobotics.vexcode/sdk/cpp/V5/V5_20220726_10_00_00/vexv5/libv5rt.a(vex_imu.cpp.obj)
                0x00000000038042a0                vex::inertial::rotation(vex::rotationUnits)
 .text._ZThn16_N3vex8inertial8rotationENS_13rotationUnitsE
                0x00000000038042e8        0x8 /Users/adityakannan/Library/Application Support/Code/User/globalStorage/vexrobotics.vexcode/sdk/cpp/V5/V5_20220726_10_00_00/vexv5/libv5rt.a(vex_imu.cpp.obj)
                0x00000000038042e8                non-virtual thunk to vex::inertial::rotation(vex::rotationUnits)
 .text._ZN3vex8inertial13isCalibratingEv
                0x00000000038042f0       0x38 /Users/adityakannan/Library/Application Support/Code/User/globalStorage/vexrobotics.vexcode/sdk/cpp/V5/V5_20220726_10_00_00/vexv5/libv5rt.a(vex_imu.cpp.obj)
                0x00000000038042f0                vex::inertial::isCalibrating()
 .text._ZThn16_N3vex8inertial13isCalibratingEv
                0x0000000003804328        0x8 /Users/adityakannan/Library/Application Support/Code/User/globalStorage/vexrobotics.vexcode/sdk/cpp/V5/V5_20220726_10_00_00/vexv5/libv5rt.a(vex_imu.cpp.obj)
                0x0000000003804328                non-virtual thunk to vex::inertial::isCalibrating()
 .text._ZN3vex8inertialC2ElNS_8turnTypeE
                0x0000000003804330       0x4c /Users/adityakannan/Library/Application Support/Code/User/globalStorage/vexrobotics.vexcode/sdk/cpp/V5/V5_20220726_10_00_00/vexv5/libv5rt.a(vex_imu.cpp.obj)
                0x0000000003804330                vex::inertial::inertial(long, vex::turnType)
                0x0000000003804330                vex::inertial::inertial(long, vex::turnType)
 .text._ZN3vex8inertial12resetHeadingEv
                0x000000000380437c       0x20 /Users/adityakannan/Library/Application Support/Code/User/globalStorage/vexrobotics.vexcode/sdk/cpp/V5/V5_20220726_10_00_00/vexv5/libv5rt.a(vex_imu.cpp.obj)
                0x000000000380437c                vex::inertial::resetHeading()
 .text._ZN3vex8inertial16startCalibrationEl
                0x000000000380439c       0x20 /Users/adityakannan/Library/Application Support/Code/User/globalStorage/vexrobotics.vexcode/sdk/cpp/V5/V5_20220726_10_00_00/vexv5/libv5rt.a(vex_imu.cpp.obj)
                0x000000000380439c                vex::inertial::startCalibration(long)
 .text._ZN3vex8inertial9calibrateEl
                0x00000000038043bc        0xc /Users/adityakannan/Library/Application Support/Code/User/globalStorage/vexrobotics.vexcode/sdk/cpp/V5/V5_20220726_10_00_00/vexv5/libv5rt.a(vex_imu.cpp.obj)
                0x00000000038043bc                vex::inertial::calibrate(long)
                0x00000000038043c0                non-virtual thunk to vex::inertial::calibrate(long)
 .text._ZN3vex8rotationD2Ev
                0x00000000038043c8       0x20 /Users/adityakannan/Library/Application Support/Code/User/globalStorage/vexrobotics.vexcode/sdk/cpp/V5/V5_20220726_10_00_00/vexv5/libv5rt.a(vex_rotation.cpp.obj)
                0x00000000038043c8                vex::rotation::~rotation()
                0x00000000038043c8                vex::rotation::~rotation()
 .text._ZN3vex8rotationD0Ev
                0x00000000038043e8       0x1c /Users/adityakannan/Library/Application Support/Code/User/globalStorage/vexrobotics.vexcode/sdk/cpp/V5/V5_20220726_10_00_00/vexv5/libv5rt.a(vex_rotation.cpp.obj)
                0x00000000038043e8                vex::rotation::~rotation()
 .text._ZN3vex8rotation9installedEv
                0x0000000003804404       0x18 /Users/adityakannan/Library/Application Support/Code/User/globalStorage/vexrobotics.vexcode/sdk/cpp/V5/V5_20220726_10_00_00/vexv5/libv5rt.a(vex_rotation.cpp.obj)
                0x0000000003804404                vex::rotation::installed()
 .text._ZN3vex8rotation5valueEv
                0x000000000380441c        0x8 /Users/adityakannan/Library/Application Support/Code/User/globalStorage/vexrobotics.vexcode/sdk/cpp/V5/V5_20220726_10_00_00/vexv5/libv5rt.a(vex_rotation.cpp.obj)
                0x000000000380441c                vex::rotation::value()
 .text._ZN3vex8rotationC2Elb
                0x0000000003804424       0x30 /Users/adityakannan/Library/Application Support/Code/User/globalStorage/vexrobotics.vexcode/sdk/cpp/V5/V5_20220726_10_00_00/vexv5/libv5rt.a(vex_rotation.cpp.obj)
                0x0000000003804424                vex::rotation::rotation(long, bool)
                0x0000000003804424                vex::rotation::rotation(long, bool)
 *fill*         0x0000000003804454        0x4 
 .text._ZN3vex8rotation8positionENS_13rotationUnitsE
                0x0000000003804458       0x50 /Users/adityakannan/Library/Application Support/Code/User/globalStorage/vexrobotics.vexcode/sdk/cpp/V5/V5_20220726_10_00_00/vexv5/libv5rt.a(vex_rotation.cpp.obj)
                0x0000000003804458                vex::rotation::position(vex::rotationUnits)
 .text._ZN3vex8distanceD2Ev
                0x00000000038044a8       0x20 /Users/adityakannan/Library/Application Support/Code/User/globalStorage/vexrobotics.vexcode/sdk/cpp/V5/V5_20220726_10_00_00/vexv5/libv5rt.a(vex_distance.cpp.obj)
                0x00000000038044a8                vex::distance::~distance()
                0x00000000038044a8                vex::distance::~distance()
 .text._ZN3vex8distanceD0Ev
                0x00000000038044c8       0x1c /Users/adityakannan/Library/Application Support/Code/User/globalStorage/vexrobotics.vexcode/sdk/cpp/V5/V5_20220726_10_00_00/vexv5/libv5rt.a(vex_distance.cpp.obj)
                0x00000000038044c8                vex::distance::~distance()
 .text._ZN3vex8distance9installedEv
                0x00000000038044e4       0x18 /Users/adityakannan/Library/Application Support/Code/User/globalStorage/vexrobotics.vexcode/sdk/cpp/V5/V5_20220726_10_00_00/vexv5/libv5rt.a(vex_distance.cpp.obj)
                0x00000000038044e4                vex::distance::installed()
 .text._ZN3vex8distance5valueEv
                0x00000000038044fc        0x8 /Users/adityakannan/Library/Application Support/Code/User/globalStorage/vexrobotics.vexcode/sdk/cpp/V5/V5_20220726_10_00_00/vexv5/libv5rt.a(vex_distance.cpp.obj)
                0x00000000038044fc                vex::distance::value()
 .text._ZN3vex8distanceC2El
                0x0000000003804504       0x20 /Users/adityakannan/Library/Application Support/Code/User/globalStorage/vexrobotics.vexcode/sdk/cpp/V5/V5_20220726_10_00_00/vexv5/libv5rt.a(vex_distance.cpp.obj)
                0x0000000003804504                vex::distance::distance(long)
                0x0000000003804504                vex::distance::distance(long)
 .text._ZN3vex10controllerD2Ev
                0x0000000003804524        0x4 /Users/adityakannan/Library/Application Support/Code/User/globalStorage/vexrobotics.vexcode/sdk/cpp/V5/V5_20220726_10_00_00/vexv5/libv5rt.a(vex_controller.cpp.obj)
                0x0000000003804524                vex::controller::~controller()
                0x0000000003804524                vex::controller::~controller()
 .text._ZN3vex10controller5valueE19_V5_ControllerIndex
                0x0000000003804528        0x8 /Users/adityakannan/Library/Application Support/Code/User/globalStorage/vexrobotics.vexcode/sdk/cpp/V5/V5_20220726_10_00_00/vexv5/libv5rt.a(vex_controller.cpp.obj)
                0x0000000003804528                vex::controller::value(_V5_ControllerIndex)
 .text._ZNK3vex10controller6button8pressingEv
                0x0000000003804530       0xc8 /Users/adityakannan/Library/Application Support/Code/User/globalStorage/vexrobotics.vexcode/sdk/cpp/V5/V5_20220726_10_00_00/vexv5/libv5rt.a(vex_controller.cpp.obj)
                0x0000000003804530                vex::controller::button::pressing() const
 .text._ZNK3vex10controller6button21_buttonToPressedEventEv
                0x00000000038045f8       0x20 /Users/adityakannan/Library/Application Support/Code/User/globalStorage/vexrobotics.vexcode/sdk/cpp/V5/V5_20220726_10_00_00/vexv5/libv5rt.a(vex_controller.cpp.obj)
                0x00000000038045f8                vex::controller::button::_buttonToPressedEvent() const
 .text._ZNK3vex10controller6button22_buttonToReleasedEventEv
                0x0000000003804618       0x20 /Users/adityakannan/Library/Application Support/Code/User/globalStorage/vexrobotics.vexcode/sdk/cpp/V5/V5_20220726_10_00_00/vexv5/libv5rt.a(vex_controller.cpp.obj)
                0x0000000003804618                vex::controller::button::_buttonToReleasedEvent() const
 .text._ZN3vex10controller6buttonC2ENS0_11tButtonTypeEPS0_
                0x0000000003804638       0x48 /Users/adityakannan/Library/Application Support/Code/User/globalStorage/vexrobotics.vexcode/sdk/cpp/V5/V5_20220726_10_00_00/vexv5/libv5rt.a(vex_controller.cpp.obj)
                0x0000000003804638                vex::controller::button::button(vex::controller::tButtonType, vex::controller*)
                0x0000000003804638                vex::controller::button::button(vex::controller::tButtonType, vex::controller*)
 .text._ZNK3vex10controller4axis5valueEv
                0x0000000003804680       0x58 /Users/adityakannan/Library/Application Support/Code/User/globalStorage/vexrobotics.vexcode/sdk/cpp/V5/V5_20220726_10_00_00/vexv5/libv5rt.a(vex_controller.cpp.obj)
                0x0000000003804680                vex::controller::axis::value() const
 .text._ZNK3vex10controller4axis23_joystickToChangedEventEv
                0x00000000038046d8       0x20 /Users/adityakannan/Library/Application Support/Code/User/globalStorage/vexrobotics.vexcode/sdk/cpp/V5/V5_20220726_10_00_00/vexv5/libv5rt.a(vex_controller.cpp.obj)
                0x00000000038046d8                vex::controller::axis::_joystickToChangedEvent() const
 .text._ZN3vex10controller4axisC2ENS0_9tAxisTypeEPS0_
                0x00000000038046f8       0x2c /Users/adityakannan/Library/Application Support/Code/User/globalStorage/vexrobotics.vexcode/sdk/cpp/V5/V5_20220726_10_00_00/vexv5/libv5rt.a(vex_controller.cpp.obj)
                0x00000000038046f8                vex::controller::axis::axis(vex::controller::tAxisType, vex::controller*)
                0x00000000038046f8                vex::controller::axis::axis(vex::controller::tAxisType, vex::controller*)
 .text._ZN3vex10controllerC2ENS_14controllerTypeE
                0x0000000003804724      0x16c /Users/adityakannan/Library/Application Support/Code/User/globalStorage/vexrobotics.vexcode/sdk/cpp/V5/V5_20220726_10_00_00/vexv5/libv5rt.a(vex_controller.cpp.obj)
                0x0000000003804724                vex::controller::controller(vex::controllerType)
                0x0000000003804724                vex::controller::controller(vex::controllerType)
 .text._ZN3vex10controller3lcd15getControllerIdEv
                0x0000000003804890       0x10 /Users/adityakannan/Library/Application Support/Code/User/globalStorage/vexrobotics.vexcode/sdk/cpp/V5/V5_20220726_10_00_00/vexv5/libv5rt.a(vex_controller.cpp.obj)
                0x0000000003804890                vex::controller::lcd::getControllerId()
 .text._ZN3vex10controller3lcd9setCursorEll
                0x00000000038048a0       0x40 /Users/adityakannan/Library/Application Support/Code/User/globalStorage/vexrobotics.vexcode/sdk/cpp/V5/V5_20220726_10_00_00/vexv5/libv5rt.a(vex_controller.cpp.obj)
                0x00000000038048a0                vex::controller::lcd::setCursor(long, long)
 .text._ZN3vex10controller3lcd5printEPKcz
                0x00000000038048e0       0x80 /Users/adityakannan/Library/Application Support/Code/User/globalStorage/vexrobotics.vexcode/sdk/cpp/V5/V5_20220726_10_00_00/vexv5/libv5rt.a(vex_controller.cpp.obj)
                0x00000000038048e0                vex::controller::lcd::print(char const*, ...)
 .text._ZN3vex4taskC2Ev
                0x0000000003804960       0x28 /Users/adityakannan/Library/Application Support/Code/User/globalStorage/vexrobotics.vexcode/sdk/cpp/V5/V5_20220726_10_00_00/vexv5/libv5rt.a(vex_task.cpp.obj)
                0x0000000003804960                vex::task::task()
                0x0000000003804960                vex::task::task()
 .text._ZN3vex4taskC2EPFivE
                0x0000000003804988       0x5c /Users/adityakannan/Library/Application Support/Code/User/globalStorage/vexrobotics.vexcode/sdk/cpp/V5/V5_20220726_10_00_00/vexv5/libv5rt.a(vex_task.cpp.obj)
                0x0000000003804988                vex::task::task(int (*)())
                0x0000000003804988                vex::task::task(int (*)())
 .text._ZN3vex4taskD2Ev
                0x00000000038049e4        0x4 /Users/adityakannan/Library/Application Support/Code/User/globalStorage/vexrobotics.vexcode/sdk/cpp/V5/V5_20220726_10_00_00/vexv5/libv5rt.a(vex_task.cpp.obj)
                0x00000000038049e4                vex::task::~task()
                0x00000000038049e4                vex::task::~task()
 .text._ZN3vex4task4stopEPvi
                0x00000000038049e8       0x1c /Users/adityakannan/Library/Application Support/Code/User/globalStorage/vexrobotics.vexcode/sdk/cpp/V5/V5_20220726_10_00_00/vexv5/libv5rt.a(vex_task.cpp.obj)
                0x00000000038049e8                vex::task::stop(void*, int)
 .text._ZN3vex4task5sleepEm
                0x0000000003804a04        0x4 /Users/adityakannan/Library/Application Support/Code/User/globalStorage/vexrobotics.vexcode/sdk/cpp/V5/V5_20220726_10_00_00/vexv5/libv5rt.a(vex_task.cpp.obj)
                0x0000000003804a04                vex::task::sleep(unsigned long)
 .text._ZN3vex4task6_indexEPFivE
                0x0000000003804a08       0x14 /Users/adityakannan/Library/Application Support/Code/User/globalStorage/vexrobotics.vexcode/sdk/cpp/V5/V5_20220726_10_00_00/vexv5/libv5rt.a(vex_task.cpp.obj)
                0x0000000003804a08                vex::task::_index(int (*)())
 .text._ZN3vex4task8_stopAllEv
                0x0000000003804a1c       0x3c /Users/adityakannan/Library/Application Support/Code/User/globalStorage/vexrobotics.vexcode/sdk/cpp/V5/V5_20220726_10_00_00/vexv5/libv5rt.a(vex_task.cpp.obj)
                0x0000000003804a1c                vex::task::_stopAll()
 .text._ZN3vex6threadC2EPFivE
                0x0000000003804a58       0x5c /Users/adityakannan/Library/Application Support/Code/User/globalStorage/vexrobotics.vexcode/sdk/cpp/V5/V5_20220726_10_00_00/vexv5/libv5rt.a(vex_thread.cpp.obj)
                0x0000000003804a58                vex::thread::thread(int (*)())
                0x0000000003804a58                vex::thread::thread(int (*)())
 .text._ZN3vex6threadD2Ev
                0x0000000003804ab4        0x4 /Users/adityakannan/Library/Application Support/Code/User/globalStorage/vexrobotics.vexcode/sdk/cpp/V5/V5_20220726_10_00_00/vexv5/libv5rt.a(vex_thread.cpp.obj)
                0x0000000003804ab4                vex::thread::~thread()
                0x0000000003804ab4                vex::thread::~thread()
 .text._ZN3vex11this_thread9sleep_forEm
                0x0000000003804ab8        0x4 /Users/adityakannan/Library/Application Support/Code/User/globalStorage/vexrobotics.vexcode/sdk/cpp/V5/V5_20220726_10_00_00/vexv5/libv5rt.a(vex_thread.cpp.obj)
                0x0000000003804ab8                vex::this_thread::sleep_for(unsigned long)
 .text._ZN3vex5event4initEmmPFvvE
                0x0000000003804abc        0x4 /Users/adityakannan/Library/Application Support/Code/User/globalStorage/vexrobotics.vexcode/sdk/cpp/V5/V5_20220726_10_00_00/vexv5/libv5rt.a(vex_event.cpp.obj)
                0x0000000003804abc                vex::event::init(unsigned long, unsigned long, void (*)())
 .text._ZN3vex5event4initEmmPFvPvES1_
                0x0000000003804ac0        0x4 /Users/adityakannan/Library/Application Support/Code/User/globalStorage/vexrobotics.vexcode/sdk/cpp/V5/V5_20220726_10_00_00/vexv5/libv5rt.a(vex_event.cpp.obj)
                0x0000000003804ac0                vex::event::init(unsigned long, unsigned long, void (*)(void*), void*)
 .text._ZN3vex5event9userindexEv
                0x0000000003804ac4        0x4 /Users/adityakannan/Library/Application Support/Code/User/globalStorage/vexrobotics.vexcode/sdk/cpp/V5/V5_20220726_10_00_00/vexv5/libv5rt.a(vex_event.cpp.obj)
                0x0000000003804ac4                vex::event::userindex()
 .text._ZZN3vex6meventC4EmmENUlvE_4_FUNEv
                0x0000000003804ac8        0x4 /Users/adityakannan/Library/Application Support/Code/User/globalStorage/vexrobotics.vexcode/sdk/cpp/V5/V5_20220726_10_00_00/vexv5/libv5rt.a(vex_mevent.cpp.obj)
 .text._ZN3vex6meventC2Emm
                0x0000000003804acc       0x70 /Users/adityakannan/Library/Application Support/Code/User/globalStorage/vexrobotics.vexcode/sdk/cpp/V5/V5_20220726_10_00_00/vexv5/libv5rt.a(vex_mevent.cpp.obj)
                0x0000000003804acc                vex::mevent::mevent(unsigned long, unsigned long)
                0x0000000003804acc                vex::mevent::mevent(unsigned long, unsigned long)
 .text._ZNK3vex6meventcviEv
                0x0000000003804b3c       0x4c /Users/adityakannan/Library/Application Support/Code/User/globalStorage/vexrobotics.vexcode/sdk/cpp/V5/V5_20220726_10_00_00/vexv5/libv5rt.a(vex_mevent.cpp.obj)
                0x0000000003804b3c                vex::mevent::operator int() const
 .text._ZN3vex5brain9_getIndexEv
                0x0000000003804b88       0x10 /Users/adityakannan/Library/Application Support/Code/User/globalStorage/vexrobotics.vexcode/sdk/cpp/V5/V5_20220726_10_00_00/vexv5/libv5rt.a(vex_brain.cpp.obj)
                0x0000000003804b88                vex::brain::_getIndex()
 .text._ZN3vex5brain3lcd9setCursorEll
                0x0000000003804b98       0x44 /Users/adityakannan/Library/Application Support/Code/User/globalStorage/vexrobotics.vexcode/sdk/cpp/V5/V5_20220726_10_00_00/vexv5/libv5rt.a(vex_brain.cpp.obj)
                0x0000000003804b98                vex::brain::lcd::setCursor(long, long)
 .text._ZN3vex5brain3lcd7setFontENS_8fontTypeE
                0x0000000003804bdc      0x23c /Users/adityakannan/Library/Application Support/Code/User/globalStorage/vexrobotics.vexcode/sdk/cpp/V5/V5_20220726_10_00_00/vexv5/libv5rt.a(vex_brain.cpp.obj)
                0x0000000003804bdc                vex::brain::lcd::setFont(vex::fontType)
 .text._ZN3vex5brain3lcdC2Ev
                0x0000000003804e18       0x94 /Users/adityakannan/Library/Application Support/Code/User/globalStorage/vexrobotics.vexcode/sdk/cpp/V5/V5_20220726_10_00_00/vexv5/libv5rt.a(vex_brain.cpp.obj)
                0x0000000003804e18                vex::brain::lcd::lcd()
                0x0000000003804e18                vex::brain::lcd::lcd()
 .text._ZN3vex5brainC2Ev
                0x0000000003804eac       0x3c /Users/adityakannan/Library/Application Support/Code/User/globalStorage/vexrobotics.vexcode/sdk/cpp/V5/V5_20220726_10_00_00/vexv5/libv5rt.a(vex_brain.cpp.obj)
                0x0000000003804eac                vex::brain::brain()
                0x0000000003804eac                vex::brain::brain()
 .text._ZN3vex5brain3lcd7printAtEllPKcz
                0x0000000003804ee8       0x54 /Users/adityakannan/Library/Application Support/Code/User/globalStorage/vexrobotics.vexcode/sdk/cpp/V5/V5_20220726_10_00_00/vexv5/libv5rt.a(vex_brain.cpp.obj)
                0x0000000003804ee8                vex::brain::lcd::printAt(long, long, char const*, ...)
 .text._ZN3vex5brain3lcd12_clearScreenEm
                0x0000000003804f3c       0x38 /Users/adityakannan/Library/Application Support/Code/User/globalStorage/vexrobotics.vexcode/sdk/cpp/V5/V5_20220726_10_00_00/vexv5/libv5rt.a(vex_brain.cpp.obj)
                0x0000000003804f3c                vex::brain::lcd::_clearScreen(unsigned long)
 .text._ZN3vex5brain3lcd11clearScreenERKNS_5colorE
                0x0000000003804f74       0x20 /Users/adityakannan/Library/Application Support/Code/User/globalStorage/vexrobotics.vexcode/sdk/cpp/V5/V5_20220726_10_00_00/vexv5/libv5rt.a(vex_brain.cpp.obj)
                0x0000000003804f74                vex::brain::lcd::clearScreen(vex::color const&)
 .text._ZN3vex5brain3lcd11clearScreenEv
                0x0000000003804f94       0x2c /Users/adityakannan/Library/Application Support/Code/User/globalStorage/vexrobotics.vexcode/sdk/cpp/V5/V5_20220726_10_00_00/vexv5/libv5rt.a(vex_brain.cpp.obj)
                0x0000000003804f94                vex::brain::lcd::clearScreen()
 .text._ZN3vex5brain3lcd8pressingEv
                0x0000000003804fc0       0x20 /Users/adityakannan/Library/Application Support/Code/User/globalStorage/vexrobotics.vexcode/sdk/cpp/V5/V5_20220726_10_00_00/vexv5/libv5rt.a(vex_brain.cpp.obj)
                0x0000000003804fc0                vex::brain::lcd::pressing()
 .text._ZN3vex5brainD2Ev
                0x0000000003804fe0       0x20 /Users/adityakannan/Library/Application Support/Code/User/globalStorage/vexrobotics.vexcode/sdk/cpp/V5/V5_20220726_10_00_00/vexv5/libv5rt.a(vex_brain.cpp.obj)
                0x0000000003804fe0                vex::brain::~brain()
                0x0000000003804fe0                vex::brain::~brain()
 .text._ZN3vex11competition8_disableEPv
                0x0000000003805000       0xa4 /Users/adityakannan/Library/Application Support/Code/User/globalStorage/vexrobotics.vexcode/sdk/cpp/V5/V5_20220726_10_00_00/vexv5/libv5rt.a(vex_competition.cpp.obj)
                0x0000000003805000                vex::competition::_disable(void*)
 .text._ZN3vex11competition11_autonomousEv
                0x00000000038050a4       0x80 /Users/adityakannan/Library/Application Support/Code/User/globalStorage/vexrobotics.vexcode/sdk/cpp/V5/V5_20220726_10_00_00/vexv5/libv5rt.a(vex_competition.cpp.obj)
                0x00000000038050a4                vex::competition::_autonomous()
 .text._ZN3vex11competition14_drivercontrolEv
                0x0000000003805124       0x80 /Users/adityakannan/Library/Application Support/Code/User/globalStorage/vexrobotics.vexcode/sdk/cpp/V5/V5_20220726_10_00_00/vexv5/libv5rt.a(vex_competition.cpp.obj)
                0x0000000003805124                vex::competition::_drivercontrol()
 .text._ZN3vex11competitionC2Ev
                0x00000000038051a4      0x13c /Users/adityakannan/Library/Application Support/Code/User/globalStorage/vexrobotics.vexcode/sdk/cpp/V5/V5_20220726_10_00_00/vexv5/libv5rt.a(vex_competition.cpp.obj)
                0x00000000038051a4                vex::competition::competition()
                0x00000000038051a4                vex::competition::competition()
 .text._ZN3vex11competitionD2Ev
                0x00000000038052e0        0x4 /Users/adityakannan/Library/Application Support/Code/User/globalStorage/vexrobotics.vexcode/sdk/cpp/V5/V5_20220726_10_00_00/vexv5/libv5rt.a(vex_competition.cpp.obj)
                0x00000000038052e0                vex::competition::~competition()
                0x00000000038052e0                vex::competition::~competition()
 .text._ZN3vex11competition10autonomousEPFvvE
                0x00000000038052e4       0x44 /Users/adityakannan/Library/Application Support/Code/User/globalStorage/vexrobotics.vexcode/sdk/cpp/V5/V5_20220726_10_00_00/vexv5/libv5rt.a(vex_competition.cpp.obj)
                0x00000000038052e4                vex::competition::autonomous(void (*)())
 .text._ZN3vex11competition13drivercontrolEPFvvE
                0x0000000003805328       0x44 /Users/adityakannan/Library/Application Support/Code/User/globalStorage/vexrobotics.vexcode/sdk/cpp/V5/V5_20220726_10_00_00/vexv5/libv5rt.a(vex_competition.cpp.obj)
                0x0000000003805328                vex::competition::drivercontrol(void (*)())
 .text._ZN3vex7triportD2Ev
                0x000000000380536c       0x38 /Users/adityakannan/Library/Application Support/Code/User/globalStorage/vexrobotics.vexcode/sdk/cpp/V5/V5_20220726_10_00_00/vexv5/libv5rt.a(vex_triport.cpp.obj)
                0x000000000380536c                vex::triport::~triport()
                0x000000000380536c                vex::triport::~triport()
 .text._ZN3vex7triportD0Ev
                0x00000000038053a4       0x1c /Users/adityakannan/Library/Application Support/Code/User/globalStorage/vexrobotics.vexcode/sdk/cpp/V5/V5_20220726_10_00_00/vexv5/libv5rt.a(vex_triport.cpp.obj)
                0x00000000038053a4                vex::triport::~triport()
 .text._ZN3vex7triport9installedEv
                0x00000000038053c0       0x18 /Users/adityakannan/Library/Application Support/Code/User/globalStorage/vexrobotics.vexcode/sdk/cpp/V5/V5_20220726_10_00_00/vexv5/libv5rt.a(vex_triport.cpp.obj)
                0x00000000038053c0                vex::triport::installed()
 .text._ZN3vex7triport4portC2ElPS0_
                0x00000000038053d8       0x74 /Users/adityakannan/Library/Application Support/Code/User/globalStorage/vexrobotics.vexcode/sdk/cpp/V5/V5_20220726_10_00_00/vexv5/libv5rt.a(vex_triport.cpp.obj)
                0x00000000038053d8                vex::triport::port::port(long, vex::triport*)
                0x00000000038053d8                vex::triport::port::port(long, vex::triport*)
 .text._ZN3vex7triportC2El
                0x000000000380544c       0xf0 /Users/adityakannan/Library/Application Support/Code/User/globalStorage/vexrobotics.vexcode/sdk/cpp/V5/V5_20220726_10_00_00/vexv5/libv5rt.a(vex_triport.cpp.obj)
                0x000000000380544c                vex::triport::triport(long)
                0x000000000380544c                vex::triport::triport(long)
 .text._ZN3vex7triport4port4typeENS_11triportTypeE
                0x000000000380553c       0x30 /Users/adityakannan/Library/Application Support/Code/User/globalStorage/vexrobotics.vexcode/sdk/cpp/V5/V5_20220726_10_00_00/vexv5/libv5rt.a(vex_triport.cpp.obj)
                0x000000000380553c                vex::triport::port::type(vex::triportType)
 .text._ZN3vex7triport4port4typeEv
                0x000000000380556c       0x38 /Users/adityakannan/Library/Application Support/Code/User/globalStorage/vexrobotics.vexcode/sdk/cpp/V5/V5_20220726_10_00_00/vexv5/libv5rt.a(vex_triport.cpp.obj)
                0x000000000380556c                vex::triport::port::type()
 .text._ZN3vex7triport4port5valueEv
                0x00000000038055a4       0x14 /Users/adityakannan/Library/Application Support/Code/User/globalStorage/vexrobotics.vexcode/sdk/cpp/V5/V5_20220726_10_00_00/vexv5/libv5rt.a(vex_triport.cpp.obj)
                0x00000000038055a4                vex::triport::port::value()
 .text._ZN3vex7triport4port5valueEl
                0x00000000038055b8       0x18 /Users/adityakannan/Library/Application Support/Code/User/globalStorage/vexrobotics.vexcode/sdk/cpp/V5/V5_20220726_10_00_00/vexv5/libv5rt.a(vex_triport.cpp.obj)
                0x00000000038055b8                vex::triport::port::value(long)
 .text._ZN3vex7triport4port8rotationENS_13rotationUnitsE
                0x00000000038055d0       0x40 /Users/adityakannan/Library/Application Support/Code/User/globalStorage/vexrobotics.vexcode/sdk/cpp/V5/V5_20220726_10_00_00/vexv5/libv5rt.a(vex_triport.cpp.obj)
                0x00000000038055d0                vex::triport::port::rotation(vex::rotationUnits)
 .text._ZN3vex11__trideviceC2ERNS_7triport4portENS_11triportTypeE
                0x0000000003805610       0x5c /Users/adityakannan/Library/Application Support/Code/User/globalStorage/vexrobotics.vexcode/sdk/cpp/V5/V5_20220726_10_00_00/vexv5/libv5rt.a(vex_triport.cpp.obj)
                0x0000000003805610                vex::__tridevice::__tridevice(vex::triport::port&, vex::triportType)
                0x0000000003805610                vex::__tridevice::__tridevice(vex::triport::port&, vex::triportType)
 .text._ZN3vex11digital_outC2ERNS_7triport4portE
                0x000000000380566c       0x18 /Users/adityakannan/Library/Application Support/Code/User/globalStorage/vexrobotics.vexcode/sdk/cpp/V5/V5_20220726_10_00_00/vexv5/libv5rt.a(vex_triport.cpp.obj)
                0x000000000380566c                vex::digital_out::digital_out(vex::triport::port&)
                0x000000000380566c                vex::digital_out::digital_out(vex::triport::port&)
 .text._ZN3vex11digital_outD2Ev
                0x0000000003805684        0x4 /Users/adityakannan/Library/Application Support/Code/User/globalStorage/vexrobotics.vexcode/sdk/cpp/V5/V5_20220726_10_00_00/vexv5/libv5rt.a(vex_triport.cpp.obj)
                0x0000000003805684                vex::digital_out::~digital_out()
                0x0000000003805684                vex::digital_out::~digital_out()
 .text._ZN3vex11digital_out3setEb
                0x0000000003805688        0x8 /Users/adityakannan/Library/Application Support/Code/User/globalStorage/vexrobotics.vexcode/sdk/cpp/V5/V5_20220726_10_00_00/vexv5/libv5rt.a(vex_triport.cpp.obj)
                0x0000000003805688                vex::digital_out::set(bool)
 .text._ZN3vex7encoderC2ERNS_7triport4portE
                0x0000000003805690       0x20 /Users/adityakannan/Library/Application Support/Code/User/globalStorage/vexrobotics.vexcode/sdk/cpp/V5/V5_20220726_10_00_00/vexv5/libv5rt.a(vex_triport.cpp.obj)
                0x0000000003805690                vex::encoder::encoder(vex::triport::port&)
                0x0000000003805690                vex::encoder::encoder(vex::triport::port&)
 .text._ZN3vex7encoderD2Ev
                0x00000000038056b0        0x4 /Users/adityakannan/Library/Application Support/Code/User/globalStorage/vexrobotics.vexcode/sdk/cpp/V5/V5_20220726_10_00_00/vexv5/libv5rt.a(vex_triport.cpp.obj)
                0x00000000038056b0                vex::encoder::~encoder()
                0x00000000038056b0                vex::encoder::~encoder()
 .text._ZN3vex7encoder8positionENS_13rotationUnitsE
                0x00000000038056b4        0x8 /Users/adityakannan/Library/Application Support/Code/User/globalStorage/vexrobotics.vexcode/sdk/cpp/V5/V5_20220726_10_00_00/vexv5/libv5rt.a(vex_triport.cpp.obj)
                0x00000000038056b4                vex::encoder::position(vex::rotationUnits)
 .text._ZN3vex5colorD2Ev
                0x00000000038056bc        0x4 /Users/adityakannan/Library/Application Support/Code/User/globalStorage/vexrobotics.vexcode/sdk/cpp/V5/V5_20220726_10_00_00/vexv5/libv5rt.a(vex_color.cpp.obj)
                0x00000000038056bc                vex::color::~color()
                0x00000000038056bc                vex::color::~color()
 .text._ZNK3vex5colorcvmEv
                0x00000000038056c0        0x8 /Users/adityakannan/Library/Application Support/Code/User/globalStorage/vexrobotics.vexcode/sdk/cpp/V5/V5_20220726_10_00_00/vexv5/libv5rt.a(vex_color.cpp.obj)
                0x00000000038056c0                vex::color::operator unsigned long() const
 .text.startup._GLOBAL__sub_I__ZN3vex5color5blackE
                0x00000000038056c8      0x164 /Users/adityakannan/Library/Application Support/Code/User/globalStorage/vexrobotics.vexcode/sdk/cpp/V5/V5_20220726_10_00_00/vexv5/libv5rt.a(vex_color.cpp.obj)
 .text._ZN3vex5timerD2Ev
                0x000000000380582c        0x4 /Users/adityakannan/Library/Application Support/Code/User/globalStorage/vexrobotics.vexcode/sdk/cpp/V5/V5_20220726_10_00_00/vexv5/libv5rt.a(vex_timer.cpp.obj)
                0x000000000380582c                vex::timer::~timer()
                0x000000000380582c                vex::timer::~timer()
 .text._ZN3vex5timer5clearEv
                0x0000000003805830       0x1c /Users/adityakannan/Library/Application Support/Code/User/globalStorage/vexrobotics.vexcode/sdk/cpp/V5/V5_20220726_10_00_00/vexv5/libv5rt.a(vex_timer.cpp.obj)
                0x0000000003805830                vex::timer::clear()
 .text._ZN3vex5timerC2Ev
                0x000000000380584c       0x14 /Users/adityakannan/Library/Application Support/Code/User/globalStorage/vexrobotics.vexcode/sdk/cpp/V5/V5_20220726_10_00_00/vexv5/libv5rt.a(vex_timer.cpp.obj)
                0x000000000380584c                vex::timer::timer()
                0x000000000380584c                vex::timer::timer()
 .text._ZN3vex11motor_group18motor_group_motorsC2Ev
                0x0000000003805860       0x28 /Users/adityakannan/Library/Application Support/Code/User/globalStorage/vexrobotics.vexcode/sdk/cpp/V5/V5_20220726_10_00_00/vexv5/libv5rt.a(vex_motorgroup.cpp.obj)
                0x0000000003805860                vex::motor_group::motor_group_motors::motor_group_motors()
                0x0000000003805860                vex::motor_group::motor_group_motors::motor_group_motors()
 .text._ZN3vex11motor_group18motor_group_motorsC2ERKS1_
                0x0000000003805888       0x20 /Users/adityakannan/Library/Application Support/Code/User/globalStorage/vexrobotics.vexcode/sdk/cpp/V5/V5_20220726_10_00_00/vexv5/libv5rt.a(vex_motorgroup.cpp.obj)
                0x0000000003805888                vex::motor_group::motor_group_motors::motor_group_motors(vex::motor_group::motor_group_motors const&)
                0x0000000003805888                vex::motor_group::motor_group_motors::motor_group_motors(vex::motor_group::motor_group_motors const&)
 .text._ZN3vex11motor_groupC2Ev
                0x00000000038058a8       0x1c /Users/adityakannan/Library/Application Support/Code/User/globalStorage/vexrobotics.vexcode/sdk/cpp/V5/V5_20220726_10_00_00/vexv5/libv5rt.a(vex_motorgroup.cpp.obj)
                0x00000000038058a8                vex::motor_group::motor_group()
                0x00000000038058a8                vex::motor_group::motor_group()
 .text._ZN3vex11motor_groupD2Ev
                0x00000000038058c4        0x4 /Users/adityakannan/Library/Application Support/Code/User/globalStorage/vexrobotics.vexcode/sdk/cpp/V5/V5_20220726_10_00_00/vexv5/libv5rt.a(vex_motorgroup.cpp.obj)
                0x00000000038058c4                vex::motor_group::~motor_group()
                0x00000000038058c4                vex::motor_group::~motor_group()
 .text._ZN3vex11motor_group9_addMotorERNS_5motorE
                0x00000000038058c8       0x20 /Users/adityakannan/Library/Application Support/Code/User/globalStorage/vexrobotics.vexcode/sdk/cpp/V5/V5_20220726_10_00_00/vexv5/libv5rt.a(vex_motorgroup.cpp.obj)
                0x00000000038058c8                vex::motor_group::_addMotor(vex::motor&)
 .text._ZN3vex11motor_group11setStoppingENS_9brakeTypeE
                0x00000000038058e8       0x38 /Users/adityakannan/Library/Application Support/Code/User/globalStorage/vexrobotics.vexcode/sdk/cpp/V5/V5_20220726_10_00_00/vexv5/libv5rt.a(vex_motorgroup.cpp.obj)
                0x00000000038058e8                vex::motor_group::setStopping(vex::brakeType)
 .text._ZN3vex11motor_group4spinENS_13directionTypeEdNS_13velocityUnitsE
                0x0000000003805920       0x54 /Users/adityakannan/Library/Application Support/Code/User/globalStorage/vexrobotics.vexcode/sdk/cpp/V5/V5_20220726_10_00_00/vexv5/libv5rt.a(vex_motorgroup.cpp.obj)
                0x0000000003805920                vex::motor_group::spin(vex::directionType, double, vex::velocityUnits)
 .text._ZN3vex11motor_group4spinENS_13directionTypeEdNS_12voltageUnitsE
                0x0000000003805974       0x54 /Users/adityakannan/Library/Application Support/Code/User/globalStorage/vexrobotics.vexcode/sdk/cpp/V5/V5_20220726_10_00_00/vexv5/libv5rt.a(vex_motorgroup.cpp.obj)
                0x0000000003805974                vex::motor_group::spin(vex::directionType, double, vex::voltageUnits)
 .text._ZN3vex11motor_group4stopEv
                0x00000000038059c8       0x30 /Users/adityakannan/Library/Application Support/Code/User/globalStorage/vexrobotics.vexcode/sdk/cpp/V5/V5_20220726_10_00_00/vexv5/libv5rt.a(vex_motorgroup.cpp.obj)
                0x00000000038059c8                vex::motor_group::stop()
 .text._ZN3vex11motor_group7spinForEdNS_9timeUnitsE
                0x00000000038059f8       0x78 /Users/adityakannan/Library/Application Support/Code/User/globalStorage/vexrobotics.vexcode/sdk/cpp/V5/V5_20220726_10_00_00/vexv5/libv5rt.a(vex_motorgroup.cpp.obj)
                0x00000000038059f8                vex::motor_group::spinFor(double, vex::timeUnits)
 .text._ZN3vex11motor_group4stopENS_9brakeTypeE
                0x0000000003805a70       0x38 /Users/adityakannan/Library/Application Support/Code/User/globalStorage/vexrobotics.vexcode/sdk/cpp/V5/V5_20220726_10_00_00/vexv5/libv5rt.a(vex_motorgroup.cpp.obj)
                0x0000000003805a70                vex::motor_group::stop(vex::brakeType)
 .text._ZN3vex11motor_group8positionENS_13rotationUnitsE
                0x0000000003805aa8        0xc /Users/adityakannan/Library/Application Support/Code/User/globalStorage/vexrobotics.vexcode/sdk/cpp/V5/V5_20220726_10_00_00/vexv5/libv5rt.a(vex_motorgroup.cpp.obj)
                0x0000000003805aa8                vex::motor_group::position(vex::rotationUnits)
 .text.vexAdiPortConfigSet
                0x0000000003805ab4       0x28 /Users/adityakannan/Library/Application Support/Code/User/globalStorage/vexrobotics.vexcode/sdk/cpp/V5/V5_20220726_10_00_00/vexv5/libv5rt.a(v5_apiuser.c.obj)
                0x0000000003805ab4                vexAdiPortConfigSet
 .text.vexAdiPortConfigGet
                0x0000000003805adc       0x28 /Users/adityakannan/Library/Application Support/Code/User/globalStorage/vexrobotics.vexcode/sdk/cpp/V5/V5_20220726_10_00_00/vexv5/libv5rt.a(v5_apiuser.c.obj)
                0x0000000003805adc                vexAdiPortConfigGet
 .text.vexAdiValueSet
                0x0000000003805b04       0x28 /Users/adityakannan/Library/Application Support/Code/User/globalStorage/vexrobotics.vexcode/sdk/cpp/V5/V5_20220726_10_00_00/vexv5/libv5rt.a(v5_apiuser.c.obj)
                0x0000000003805b04                vexAdiValueSet
 .text.vexAdiValueGet
                0x0000000003805b2c       0x20 /Users/adityakannan/Library/Application Support/Code/User/globalStorage/vexrobotics.vexcode/sdk/cpp/V5/V5_20220726_10_00_00/vexv5/libv5rt.a(v5_apiuser.c.obj)
                0x0000000003805b2c                vexAdiValueGet
 .text.vexMotorVelocitySet
                0x0000000003805b4c       0x20 /Users/adityakannan/Library/Application Support/Code/User/globalStorage/vexrobotics.vexcode/sdk/cpp/V5/V5_20220726_10_00_00/vexv5/libv5rt.a(v5_apiuser.c.obj)
                0x0000000003805b4c                vexMotorVelocitySet
 .text.vexMotorVoltageSet
                0x0000000003805b6c       0x20 /Users/adityakannan/Library/Application Support/Code/User/globalStorage/vexrobotics.vexcode/sdk/cpp/V5/V5_20220726_10_00_00/vexv5/libv5rt.a(v5_apiuser.c.obj)
                0x0000000003805b6c                vexMotorVoltageSet
 .text.vexMotorActualVelocityGet
                0x0000000003805b8c       0x24 /Users/adityakannan/Library/Application Support/Code/User/globalStorage/vexrobotics.vexcode/sdk/cpp/V5/V5_20220726_10_00_00/vexv5/libv5rt.a(v5_apiuser.c.obj)
                0x0000000003805b8c                vexMotorActualVelocityGet
 .text.vexMotorReverseFlagSet
                0x0000000003805bb0       0x20 /Users/adityakannan/Library/Application Support/Code/User/globalStorage/vexrobotics.vexcode/sdk/cpp/V5/V5_20220726_10_00_00/vexv5/libv5rt.a(v5_apiuser.c.obj)
                0x0000000003805bb0                vexMotorReverseFlagSet
 .text.vexMotorEncoderUnitsSet
                0x0000000003805bd0       0x20 /Users/adityakannan/Library/Application Support/Code/User/globalStorage/vexrobotics.vexcode/sdk/cpp/V5/V5_20220726_10_00_00/vexv5/libv5rt.a(v5_apiuser.c.obj)
                0x0000000003805bd0                vexMotorEncoderUnitsSet
 .text.vexMotorBrakeModeSet
                0x0000000003805bf0       0x20 /Users/adityakannan/Library/Application Support/Code/User/globalStorage/vexrobotics.vexcode/sdk/cpp/V5/V5_20220726_10_00_00/vexv5/libv5rt.a(v5_apiuser.c.obj)
                0x0000000003805bf0                vexMotorBrakeModeSet
 .text.vexMotorPositionSet
                0x0000000003805c10       0x28 /Users/adityakannan/Library/Application Support/Code/User/globalStorage/vexrobotics.vexcode/sdk/cpp/V5/V5_20220726_10_00_00/vexv5/libv5rt.a(v5_apiuser.c.obj)
                0x0000000003805c10                vexMotorPositionSet
 .text.vexMotorPositionGet
                0x0000000003805c38       0x24 /Users/adityakannan/Library/Application Support/Code/User/globalStorage/vexrobotics.vexcode/sdk/cpp/V5/V5_20220726_10_00_00/vexv5/libv5rt.a(v5_apiuser.c.obj)
                0x0000000003805c38                vexMotorPositionGet
 .text.vexMotorGearingSet
                0x0000000003805c5c       0x20 /Users/adityakannan/Library/Application Support/Code/User/globalStorage/vexrobotics.vexcode/sdk/cpp/V5/V5_20220726_10_00_00/vexv5/libv5rt.a(v5_apiuser.c.obj)
                0x0000000003805c5c                vexMotorGearingSet
 .text.vexMotorGearingGet
                0x0000000003805c7c       0x18 /Users/adityakannan/Library/Application Support/Code/User/globalStorage/vexrobotics.vexcode/sdk/cpp/V5/V5_20220726_10_00_00/vexv5/libv5rt.a(v5_apiuser.c.obj)
                0x0000000003805c7c                vexMotorGearingGet
 .text.vexImuReset
                0x0000000003805c94       0x10 /Users/adityakannan/Library/Application Support/Code/User/globalStorage/vexrobotics.vexcode/sdk/cpp/V5/V5_20220726_10_00_00/vexv5/libv5rt.a(v5_apiuser.c.obj)
                0x0000000003805c94                vexImuReset
 .text.vexImuHeadingGet
                0x0000000003805ca4       0x10 /Users/adityakannan/Library/Application Support/Code/User/globalStorage/vexrobotics.vexcode/sdk/cpp/V5/V5_20220726_10_00_00/vexv5/libv5rt.a(v5_apiuser.c.obj)
                0x0000000003805ca4                vexImuHeadingGet
 .text.vexImuDegreesGet
                0x0000000003805cb4       0x10 /Users/adityakannan/Library/Application Support/Code/User/globalStorage/vexrobotics.vexcode/sdk/cpp/V5/V5_20220726_10_00_00/vexv5/libv5rt.a(v5_apiuser.c.obj)
                0x0000000003805cb4                vexImuDegreesGet
 .text.vexImuStatusGet
                0x0000000003805cc4       0x10 /Users/adityakannan/Library/Application Support/Code/User/globalStorage/vexrobotics.vexcode/sdk/cpp/V5/V5_20220726_10_00_00/vexv5/libv5rt.a(v5_apiuser.c.obj)
                0x0000000003805cc4                vexImuStatusGet
 .text.vexAbsEncPositionGet
                0x0000000003805cd4       0x10 /Users/adityakannan/Library/Application Support/Code/User/globalStorage/vexrobotics.vexcode/sdk/cpp/V5/V5_20220726_10_00_00/vexv5/libv5rt.a(v5_apiuser.c.obj)
                0x0000000003805cd4                vexAbsEncPositionGet
 .text.vexAbsEncAngleGet
                0x0000000003805ce4       0x10 /Users/adityakannan/Library/Application Support/Code/User/globalStorage/vexrobotics.vexcode/sdk/cpp/V5/V5_20220726_10_00_00/vexv5/libv5rt.a(v5_apiuser.c.obj)
                0x0000000003805ce4                vexAbsEncAngleGet
 .text.vexAbsEncReverseFlagSet
                0x0000000003805cf4       0x18 /Users/adityakannan/Library/Application Support/Code/User/globalStorage/vexrobotics.vexcode/sdk/cpp/V5/V5_20220726_10_00_00/vexv5/libv5rt.a(v5_apiuser.c.obj)
                0x0000000003805cf4                vexAbsEncReverseFlagSet
 .text.vexDistanceDistanceGet
                0x0000000003805d0c       0x10 /Users/adityakannan/Library/Application Support/Code/User/globalStorage/vexrobotics.vexcode/sdk/cpp/V5/V5_20220726_10_00_00/vexv5/libv5rt.a(v5_apiuser.c.obj)
                0x0000000003805d0c                vexDistanceDistanceGet
 .text.vexEventMaskSet
                0x0000000003805d1c       0x28 /Users/adityakannan/Library/Application Support/Code/User/globalStorage/vexrobotics.vexcode/sdk/cpp/V5/V5_20220726_10_00_00/vexv5/libv5rt.a(v5_apiuser.c.obj)
                0x0000000003805d1c                vexEventMaskSet
 .text.vexEventMaskGet
                0x0000000003805d44       0x18 /Users/adityakannan/Library/Application Support/Code/User/globalStorage/vexrobotics.vexcode/sdk/cpp/V5/V5_20220726_10_00_00/vexv5/libv5rt.a(v5_apiuser.c.obj)
                0x0000000003805d44                vexEventMaskGet
 .text.vexEventBitsSet
                0x0000000003805d5c       0x28 /Users/adityakannan/Library/Application Support/Code/User/globalStorage/vexrobotics.vexcode/sdk/cpp/V5/V5_20220726_10_00_00/vexv5/libv5rt.a(v5_apiuser.c.obj)
                0x0000000003805d5c                vexEventBitsSet
 .text.vexEventBitsGet
                0x0000000003805d84       0x18 /Users/adityakannan/Library/Application Support/Code/User/globalStorage/vexrobotics.vexcode/sdk/cpp/V5/V5_20220726_10_00_00/vexv5/libv5rt.a(v5_apiuser.c.obj)
                0x0000000003805d84                vexEventBitsGet
 .text._ZN3vex6deviceD2Ev
                0x0000000003805d9c        0x4 /Users/adityakannan/Library/Application Support/Code/User/globalStorage/vexrobotics.vexcode/sdk/cpp/V5/V5_20220726_10_00_00/vexv5/libv5rt.a(vex_device.cpp.obj)
                0x0000000003805d9c                vex::device::~device()
                0x0000000003805d9c                vex::device::~device()
 .text._ZN3vex6device5valueEv
                0x0000000003805da0        0x8 /Users/adityakannan/Library/Application Support/Code/User/globalStorage/vexrobotics.vexcode/sdk/cpp/V5/V5_20220726_10_00_00/vexv5/libv5rt.a(vex_device.cpp.obj)
                0x0000000003805da0                vex::device::value()
 .text._ZN3vex6deviceD0Ev